<!doctype html public "-//w3c//dtd html 4.0 transitional//en">
<html><head>
<title>Static Call Graph - [2.Queue_Set\2.Queue_Set]</title></head>
<body><HR>
<H1>Static Call Graph for image 2.Queue_Set\2.Queue_Set</H1><HR>
<BR><P>#&#060CALLGRAPH&#062# ARM Linker, 6210000: Last Updated: Sat Jun  1 13:45:56 2024
<BR><P>
<H3>Maximum Stack Usage =        496 bytes + Unknown(Cycles, Untraceable Function Pointers)</H3><H3>
Call chain for Maximum Stack Depth:</H3>
touchgfx::LCD::drawTextureMapTriangle(touchgfx::DrawingSurface const&, touchgfx::Point3D const*, touchgfx::TextureSurface const&, touchgfx::Rect const&, touchgfx::Rect const&, unsigned short, unsigned char, unsigned short) &rArr; touchgfx::Edge::Edge(touchgfx::Gradients const&, touchgfx::Point3D const*, int, int) &rArr; __aeabi_assert &rArr; abort &rArr; __rt_SIGABRT &rArr; __rt_SIGABRT_inner &rArr; __default_signal_display &rArr; _ttywrch
<P>
<H3>
Mutually Recursive functions
</H3> <LI><a href="#[6]">SecureFault_Handler</a>&nbsp;&nbsp;&nbsp;&rArr;&nbsp;&nbsp;&nbsp;<a href="#[6]">SecureFault_Handler</a><BR>
 <LI><a href="#[2f]">ADC1_IRQHandler</a>&nbsp;&nbsp;&nbsp;&rArr;&nbsp;&nbsp;&nbsp;<a href="#[2f]">ADC1_IRQHandler</a><BR>
 <LI><a href="#[4]">BusFault_Handler</a>&nbsp;&nbsp;&nbsp;&rArr;&nbsp;&nbsp;&nbsp;<a href="#[4]">BusFault_Handler</a><BR>
 <LI><a href="#[2]">HardFault_Handler</a>&nbsp;&nbsp;&nbsp;&rArr;&nbsp;&nbsp;&nbsp;<a href="#[2]">HardFault_Handler</a><BR>
 <LI><a href="#[3]">MemManage_Handler</a>&nbsp;&nbsp;&nbsp;&rArr;&nbsp;&nbsp;&nbsp;<a href="#[3]">MemManage_Handler</a><BR>
 <LI><a href="#[1]">NMI_Handler</a>&nbsp;&nbsp;&nbsp;&rArr;&nbsp;&nbsp;&nbsp;<a href="#[1]">NMI_Handler</a><BR>
 <LI><a href="#[8e]">StartDefaultTask</a>&nbsp;&nbsp;&nbsp;&rArr;&nbsp;&nbsp;&nbsp;<a href="#[8e]">StartDefaultTask</a><BR>
 <LI><a href="#[5]">UsageFault_Handler</a>&nbsp;&nbsp;&nbsp;&rArr;&nbsp;&nbsp;&nbsp;<a href="#[5]">UsageFault_Handler</a><BR>
 <LI><a href="#[344]">touchgfx::TouchCalibration::muldivu(unsigned int, unsigned int, unsigned int, unsigned int, unsigned int, unsigned int&)</a>&nbsp;&nbsp;&nbsp;&rArr;&nbsp;&nbsp;&nbsp;<a href="#[344]">touchgfx::TouchCalibration::muldivu(unsigned int, unsigned int, unsigned int, unsigned int, unsigned int, unsigned int&)</a><BR>
 <LI><a href="#[360]">touchgfx::Screen::JSMOC(touchgfx::Rect const&, touchgfx::Drawable*)</a>&nbsp;&nbsp;&nbsp;&rArr;&nbsp;&nbsp;&nbsp;<a href="#[360]">touchgfx::Screen::JSMOC(touchgfx::Rect const&, touchgfx::Drawable*)</a><BR>
</UL>
<P>
<H3>
Function Pointers
</H3><UL>
 <LI><a href="#[2f]">ADC1_IRQHandler</a> from startup_stm32u575xx.o(.text) referenced from startup_stm32u575xx.o(RESET)
 <LI><a href="#[77]">ADC4_IRQHandler</a> from startup_stm32u575xx.o(.text) referenced from startup_stm32u575xx.o(RESET)
 <LI><a href="#[76]">ADF1_IRQHandler</a> from startup_stm32u575xx.o(.text) referenced from startup_stm32u575xx.o(RESET)
 <LI><a href="#[4]">BusFault_Handler</a> from stm32u5xx_it.o(.text.BusFault_Handler) referenced from startup_stm32u575xx.o(RESET)
 <LI><a href="#[52]">COMP_IRQHandler</a> from startup_stm32u575xx.o(.text) referenced from startup_stm32u575xx.o(RESET)
 <LI><a href="#[81]">CORDIC_IRQHandler</a> from startup_stm32u575xx.o(.text) referenced from startup_stm32u575xx.o(RESET)
 <LI><a href="#[54]">CRS_IRQHandler</a> from startup_stm32u575xx.o(.text) referenced from startup_stm32u575xx.o(RESET)
 <LI><a href="#[30]">DAC1_IRQHandler</a> from startup_stm32u575xx.o(.text) referenced from startup_stm32u575xx.o(RESET)
 <LI><a href="#[75]">DCACHE1_IRQHandler</a> from startup_stm32u575xx.o(.text) referenced from startup_stm32u575xx.o(RESET)
 <LI><a href="#[7d]">DCMI_PSSI_IRQHandler</a> from startup_stm32u575xx.o(.text) referenced from startup_stm32u575xx.o(RESET)
 <LI><a href="#[7c]">DMA2D_IRQHandler</a> from startup_stm32u575xx.o(.text) referenced from startup_stm32u575xx.o(RESET)
 <LI><a href="#[8]">DebugMon_Handler</a> from stm32u5xx_it.o(.text.DebugMon_Handler) referenced from startup_stm32u575xx.o(RESET)
 <LI><a href="#[16]">EXTI0_IRQHandler</a> from startup_stm32u575xx.o(.text) referenced from startup_stm32u575xx.o(RESET)
 <LI><a href="#[20]">EXTI10_IRQHandler</a> from startup_stm32u575xx.o(.text) referenced from startup_stm32u575xx.o(RESET)
 <LI><a href="#[21]">EXTI11_IRQHandler</a> from startup_stm32u575xx.o(.text) referenced from startup_stm32u575xx.o(RESET)
 <LI><a href="#[22]">EXTI12_IRQHandler</a> from startup_stm32u575xx.o(.text) referenced from startup_stm32u575xx.o(RESET)
 <LI><a href="#[23]">EXTI13_IRQHandler</a> from startup_stm32u575xx.o(.text) referenced from startup_stm32u575xx.o(RESET)
 <LI><a href="#[24]">EXTI14_IRQHandler</a> from startup_stm32u575xx.o(.text) referenced from startup_stm32u575xx.o(RESET)
 <LI><a href="#[25]">EXTI15_IRQHandler</a> from startup_stm32u575xx.o(.text) referenced from startup_stm32u575xx.o(RESET)
 <LI><a href="#[17]">EXTI1_IRQHandler</a> from startup_stm32u575xx.o(.text) referenced from startup_stm32u575xx.o(RESET)
 <LI><a href="#[18]">EXTI2_IRQHandler</a> from startup_stm32u575xx.o(.text) referenced from startup_stm32u575xx.o(RESET)
 <LI><a href="#[19]">EXTI3_IRQHandler</a> from startup_stm32u575xx.o(.text) referenced from startup_stm32u575xx.o(RESET)
 <LI><a href="#[1a]">EXTI4_IRQHandler</a> from startup_stm32u575xx.o(.text) referenced from startup_stm32u575xx.o(RESET)
 <LI><a href="#[1b]">EXTI5_IRQHandler</a> from startup_stm32u575xx.o(.text) referenced from startup_stm32u575xx.o(RESET)
 <LI><a href="#[1c]">EXTI6_IRQHandler</a> from startup_stm32u575xx.o(.text) referenced from startup_stm32u575xx.o(RESET)
 <LI><a href="#[1d]">EXTI7_IRQHandler</a> from startup_stm32u575xx.o(.text) referenced from startup_stm32u575xx.o(RESET)
 <LI><a href="#[1e]">EXTI8_IRQHandler</a> from startup_stm32u575xx.o(.text) referenced from startup_stm32u575xx.o(RESET)
 <LI><a href="#[1f]">EXTI9_IRQHandler</a> from startup_stm32u575xx.o(.text) referenced from startup_stm32u575xx.o(RESET)
 <LI><a href="#[31]">FDCAN1_IT0_IRQHandler</a> from startup_stm32u575xx.o(.text) referenced from startup_stm32u575xx.o(RESET)
 <LI><a href="#[32]">FDCAN1_IT1_IRQHandler</a> from startup_stm32u575xx.o(.text) referenced from startup_stm32u575xx.o(RESET)
 <LI><a href="#[11]">FLASH_IRQHandler</a> from startup_stm32u575xx.o(.text) referenced from startup_stm32u575xx.o(RESET)
 <LI><a href="#[12]">FLASH_S_IRQHandler</a> from startup_stm32u575xx.o(.text) referenced from startup_stm32u575xx.o(RESET)
 <LI><a href="#[82]">FMAC_IRQHandler</a> from startup_stm32u575xx.o(.text) referenced from startup_stm32u575xx.o(RESET)
 <LI><a href="#[55]">FMC_IRQHandler</a> from startup_stm32u575xx.o(.text) referenced from startup_stm32u575xx.o(RESET)
 <LI><a href="#[68]">FPU_IRQHandler</a> from startup_stm32u575xx.o(.text) referenced from startup_stm32u575xx.o(RESET)
 <LI><a href="#[27]">GPDMA1_Channel0_IRQHandler</a> from stm32u5xx_it.o(.text.GPDMA1_Channel0_IRQHandler) referenced from startup_stm32u575xx.o(RESET)
 <LI><a href="#[5c]">GPDMA1_Channel10_IRQHandler</a> from stm32u5xx_it.o(.text.GPDMA1_Channel10_IRQHandler) referenced from startup_stm32u575xx.o(RESET)
 <LI><a href="#[5d]">GPDMA1_Channel11_IRQHandler</a> from stm32u5xx_it.o(.text.GPDMA1_Channel11_IRQHandler) referenced from startup_stm32u575xx.o(RESET)
 <LI><a href="#[5e]">GPDMA1_Channel12_IRQHandler</a> from stm32u5xx_it.o(.text.GPDMA1_Channel12_IRQHandler) referenced from startup_stm32u575xx.o(RESET)
 <LI><a href="#[5f]">GPDMA1_Channel13_IRQHandler</a> from startup_stm32u575xx.o(.text) referenced from startup_stm32u575xx.o(RESET)
 <LI><a href="#[60]">GPDMA1_Channel14_IRQHandler</a> from startup_stm32u575xx.o(.text) referenced from startup_stm32u575xx.o(RESET)
 <LI><a href="#[61]">GPDMA1_Channel15_IRQHandler</a> from startup_stm32u575xx.o(.text) referenced from startup_stm32u575xx.o(RESET)
 <LI><a href="#[28]">GPDMA1_Channel1_IRQHandler</a> from stm32u5xx_it.o(.text.GPDMA1_Channel1_IRQHandler) referenced from startup_stm32u575xx.o(RESET)
 <LI><a href="#[29]">GPDMA1_Channel2_IRQHandler</a> from startup_stm32u575xx.o(.text) referenced from startup_stm32u575xx.o(RESET)
 <LI><a href="#[2a]">GPDMA1_Channel3_IRQHandler</a> from stm32u5xx_it.o(.text.GPDMA1_Channel3_IRQHandler) referenced from startup_stm32u575xx.o(RESET)
 <LI><a href="#[2b]">GPDMA1_Channel4_IRQHandler</a> from startup_stm32u575xx.o(.text) referenced from startup_stm32u575xx.o(RESET)
 <LI><a href="#[2c]">GPDMA1_Channel5_IRQHandler</a> from startup_stm32u575xx.o(.text) referenced from startup_stm32u575xx.o(RESET)
 <LI><a href="#[2d]">GPDMA1_Channel6_IRQHandler</a> from startup_stm32u575xx.o(.text) referenced from startup_stm32u575xx.o(RESET)
 <LI><a href="#[2e]">GPDMA1_Channel7_IRQHandler</a> from startup_stm32u575xx.o(.text) referenced from startup_stm32u575xx.o(RESET)
 <LI><a href="#[5a]">GPDMA1_Channel8_IRQHandler</a> from startup_stm32u575xx.o(.text) referenced from startup_stm32u575xx.o(RESET)
 <LI><a href="#[5b]">GPDMA1_Channel9_IRQHandler</a> from startup_stm32u575xx.o(.text) referenced from startup_stm32u575xx.o(RESET)
 <LI><a href="#[13]">GTZC_IRQHandler</a> from startup_stm32u575xx.o(.text) referenced from startup_stm32u575xx.o(RESET)
 <LI><a href="#[69]">HASH_IRQHandler</a> from startup_stm32u575xx.o(.text) referenced from startup_stm32u575xx.o(RESET)
 <LI><a href="#[2]">HardFault_Handler</a> from stm32u5xx_it.o(.text.HardFault_Handler) referenced from startup_stm32u575xx.o(RESET)
 <LI><a href="#[42]">I2C1_ER_IRQHandler</a> from startup_stm32u575xx.o(.text) referenced from startup_stm32u575xx.o(RESET)
 <LI><a href="#[41]">I2C1_EV_IRQHandler</a> from startup_stm32u575xx.o(.text) referenced from startup_stm32u575xx.o(RESET)
 <LI><a href="#[44]">I2C2_ER_IRQHandler</a> from startup_stm32u575xx.o(.text) referenced from startup_stm32u575xx.o(RESET)
 <LI><a href="#[43]">I2C2_EV_IRQHandler</a> from startup_stm32u575xx.o(.text) referenced from startup_stm32u575xx.o(RESET)
 <LI><a href="#[63]">I2C3_ER_IRQHandler</a> from startup_stm32u575xx.o(.text) referenced from startup_stm32u575xx.o(RESET)
 <LI><a href="#[62]">I2C3_EV_IRQHandler</a> from stm32u5xx_it.o(.text.I2C3_EV_IRQHandler) referenced from startup_stm32u575xx.o(RESET)
 <LI><a href="#[6c]">I2C4_ER_IRQHandler</a> from startup_stm32u575xx.o(.text) referenced from startup_stm32u575xx.o(RESET)
 <LI><a href="#[6d]">I2C4_EV_IRQHandler</a> from startup_stm32u575xx.o(.text) referenced from startup_stm32u575xx.o(RESET)
 <LI><a href="#[73]">ICACHE_IRQHandler</a> from startup_stm32u575xx.o(.text) referenced from startup_stm32u575xx.o(RESET)
 <LI><a href="#[26]">IWDG_IRQHandler</a> from startup_stm32u575xx.o(.text) referenced from startup_stm32u575xx.o(RESET)
 <LI><a href="#[78]">LPDMA1_Channel0_IRQHandler</a> from startup_stm32u575xx.o(.text) referenced from startup_stm32u575xx.o(RESET)
 <LI><a href="#[79]">LPDMA1_Channel1_IRQHandler</a> from startup_stm32u575xx.o(.text) referenced from startup_stm32u575xx.o(RESET)
 <LI><a href="#[7a]">LPDMA1_Channel2_IRQHandler</a> from startup_stm32u575xx.o(.text) referenced from startup_stm32u575xx.o(RESET)
 <LI><a href="#[7b]">LPDMA1_Channel3_IRQHandler</a> from startup_stm32u575xx.o(.text) referenced from startup_stm32u575xx.o(RESET)
 <LI><a href="#[4d]">LPTIM1_IRQHandler</a> from startup_stm32u575xx.o(.text) referenced from startup_stm32u575xx.o(RESET)
 <LI><a href="#[4e]">LPTIM2_IRQHandler</a> from startup_stm32u575xx.o(.text) referenced from startup_stm32u575xx.o(RESET)
 <LI><a href="#[6a]">LPTIM3_IRQHandler</a> from startup_stm32u575xx.o(.text) referenced from startup_stm32u575xx.o(RESET)
 <LI><a href="#[74]">LPTIM4_IRQHandler</a> from startup_stm32u575xx.o(.text) referenced from startup_stm32u575xx.o(RESET)
 <LI><a href="#[4c]">LPUART1_IRQHandler</a> from startup_stm32u575xx.o(.text) referenced from startup_stm32u575xx.o(RESET)
 <LI><a href="#[83]">LSECSSD_IRQHandler</a> from startup_stm32u575xx.o(.text) referenced from startup_stm32u575xx.o(RESET)
 <LI><a href="#[6e]">MDF1_FLT0_IRQHandler</a> from startup_stm32u575xx.o(.text) referenced from startup_stm32u575xx.o(RESET)
 <LI><a href="#[6f]">MDF1_FLT1_IRQHandler</a> from startup_stm32u575xx.o(.text) referenced from startup_stm32u575xx.o(RESET)
 <LI><a href="#[70]">MDF1_FLT2_IRQHandler</a> from startup_stm32u575xx.o(.text) referenced from startup_stm32u575xx.o(RESET)
 <LI><a href="#[71]">MDF1_FLT3_IRQHandler</a> from startup_stm32u575xx.o(.text) referenced from startup_stm32u575xx.o(RESET)
 <LI><a href="#[7f]">MDF1_FLT4_IRQHandler</a> from startup_stm32u575xx.o(.text) referenced from startup_stm32u575xx.o(RESET)
 <LI><a href="#[80]">MDF1_FLT5_IRQHandler</a> from startup_stm32u575xx.o(.text) referenced from startup_stm32u575xx.o(RESET)
 <LI><a href="#[3]">MemManage_Handler</a> from stm32u5xx_it.o(.text.MemManage_Handler) referenced from startup_stm32u575xx.o(RESET)
 <LI><a href="#[1]">NMI_Handler</a> from stm32u5xx_it.o(.text.NMI_Handler) referenced from startup_stm32u575xx.o(RESET)
 <LI><a href="#[56]">OCTOSPI1_IRQHandler</a> from startup_stm32u575xx.o(.text) referenced from startup_stm32u575xx.o(RESET)
 <LI><a href="#[7e]">OCTOSPI2_IRQHandler</a> from startup_stm32u575xx.o(.text) referenced from startup_stm32u575xx.o(RESET)
 <LI><a href="#[53]">OTG_FS_IRQHandler</a> from startup_stm32u575xx.o(.text) referenced from startup_stm32u575xx.o(RESET)
 <LI><a href="#[c]">PVD_PVM_IRQHandler</a> from startup_stm32u575xx.o(.text) referenced from startup_stm32u575xx.o(RESET)
 <LI><a href="#[57]">PWR_S3WU_IRQHandler</a> from startup_stm32u575xx.o(.text) referenced from startup_stm32u575xx.o(RESET)
 <LI><a href="#[9]">PendSV_Handler</a> from portasm.o(.text.PendSV_Handler) referenced from startup_stm32u575xx.o(RESET)
 <LI><a href="#[10]">RAMCFG_IRQHandler</a> from startup_stm32u575xx.o(.text) referenced from startup_stm32u575xx.o(RESET)
 <LI><a href="#[14]">RCC_IRQHandler</a> from startup_stm32u575xx.o(.text) referenced from startup_stm32u575xx.o(RESET)
 <LI><a href="#[15]">RCC_S_IRQHandler</a> from startup_stm32u575xx.o(.text) referenced from startup_stm32u575xx.o(RESET)
 <LI><a href="#[67]">RNG_IRQHandler</a> from startup_stm32u575xx.o(.text) referenced from startup_stm32u575xx.o(RESET)
 <LI><a href="#[d]">RTC_IRQHandler</a> from stm32u5xx_it.o(.text.RTC_IRQHandler) referenced from startup_stm32u575xx.o(RESET)
 <LI><a href="#[e]">RTC_S_IRQHandler</a> from startup_stm32u575xx.o(.text) referenced from startup_stm32u575xx.o(RESET)
 <LI><a href="#[0]">Reset_Handler</a> from startup_stm32u575xx.o(.text) referenced from startup_stm32u575xx.o(RESET)
 <LI><a href="#[64]">SAI1_IRQHandler</a> from startup_stm32u575xx.o(.text) referenced from startup_stm32u575xx.o(RESET)
 <LI><a href="#[65]">SAI2_IRQHandler</a> from startup_stm32u575xx.o(.text) referenced from startup_stm32u575xx.o(RESET)
 <LI><a href="#[58]">SDMMC1_IRQHandler</a> from startup_stm32u575xx.o(.text) referenced from startup_stm32u575xx.o(RESET)
 <LI><a href="#[59]">SDMMC2_IRQHandler</a> from startup_stm32u575xx.o(.text) referenced from startup_stm32u575xx.o(RESET)
 <LI><a href="#[45]">SPI1_IRQHandler</a> from stm32u5xx_it.o(.text.SPI1_IRQHandler) referenced from startup_stm32u575xx.o(RESET)
 <LI><a href="#[46]">SPI2_IRQHandler</a> from startup_stm32u575xx.o(.text) referenced from startup_stm32u575xx.o(RESET)
 <LI><a href="#[6b]">SPI3_IRQHandler</a> from startup_stm32u575xx.o(.text) referenced from startup_stm32u575xx.o(RESET)
 <LI><a href="#[89]">SPI_DMAAbortOnError</a> from stm32u5xx_hal_spi.o(.text.SPI_DMAAbortOnError) referenced 2 times from stm32u5xx_hal_spi.o(.text.HAL_SPI_IRQHandler)
 <LI><a href="#[8c]">SPI_DMAError</a> from stm32u5xx_hal_spi.o(.text.SPI_DMAError) referenced 2 times from stm32u5xx_hal_spi.o(.text.HAL_SPI_Transmit_DMA)
 <LI><a href="#[8b]">SPI_DMAHalfTransmitCplt</a> from stm32u5xx_hal_spi.o(.text.SPI_DMAHalfTransmitCplt) referenced 2 times from stm32u5xx_hal_spi.o(.text.HAL_SPI_Transmit_DMA)
 <LI><a href="#[8a]">SPI_DMATransmitCplt</a> from stm32u5xx_hal_spi.o(.text.SPI_DMATransmitCplt) referenced 2 times from stm32u5xx_hal_spi.o(.text.HAL_SPI_Transmit_DMA)
 <LI><a href="#[7]">SVC_Handler</a> from portasm.o(.text.SVC_Handler) referenced from startup_stm32u575xx.o(RESET)
 <LI><a href="#[6]">SecureFault_Handler</a> from startup_stm32u575xx.o(.text) referenced from startup_stm32u575xx.o(RESET)
 <LI><a href="#[8e]">StartDefaultTask</a> from app_freertos.o(.text.StartDefaultTask) referenced 2 times from app_freertos.o(.text.MX_FREERTOS_Init)
 <LI><a href="#[a]">SysTick_Handler</a> from cmsis_os2.o(.text.SysTick_Handler) referenced from startup_stm32u575xx.o(RESET)
 <LI><a href="#[84]">SystemInit</a> from system_stm32u5xx.o(.text.SystemInit) referenced from startup_stm32u575xx.o(.text)
 <LI><a href="#[f]">TAMP_IRQHandler</a> from startup_stm32u575xx.o(.text) referenced from startup_stm32u575xx.o(RESET)
 <LI><a href="#[4f]">TIM15_IRQHandler</a> from startup_stm32u575xx.o(.text) referenced from startup_stm32u575xx.o(RESET)
 <LI><a href="#[50]">TIM16_IRQHandler</a> from startup_stm32u575xx.o(.text) referenced from startup_stm32u575xx.o(RESET)
 <LI><a href="#[51]">TIM17_IRQHandler</a> from startup_stm32u575xx.o(.text) referenced from startup_stm32u575xx.o(RESET)
 <LI><a href="#[33]">TIM1_BRK_IRQHandler</a> from stm32u5xx_it.o(.text.TIM1_BRK_IRQHandler) referenced from startup_stm32u575xx.o(RESET)
 <LI><a href="#[36]">TIM1_CC_IRQHandler</a> from startup_stm32u575xx.o(.text) referenced from startup_stm32u575xx.o(RESET)
 <LI><a href="#[35]">TIM1_TRG_COM_IRQHandler</a> from startup_stm32u575xx.o(.text) referenced from startup_stm32u575xx.o(RESET)
 <LI><a href="#[34]">TIM1_UP_IRQHandler</a> from stm32u5xx_it.o(.text.TIM1_UP_IRQHandler) referenced from startup_stm32u575xx.o(RESET)
 <LI><a href="#[37]">TIM2_IRQHandler</a> from startup_stm32u575xx.o(.text) referenced from startup_stm32u575xx.o(RESET)
 <LI><a href="#[38]">TIM3_IRQHandler</a> from startup_stm32u575xx.o(.text) referenced from startup_stm32u575xx.o(RESET)
 <LI><a href="#[39]">TIM4_IRQHandler</a> from startup_stm32u575xx.o(.text) referenced from startup_stm32u575xx.o(RESET)
 <LI><a href="#[3a]">TIM5_IRQHandler</a> from startup_stm32u575xx.o(.text) referenced from startup_stm32u575xx.o(RESET)
 <LI><a href="#[3b]">TIM6_IRQHandler</a> from stm32u5xx_it.o(.text.TIM6_IRQHandler) referenced from startup_stm32u575xx.o(RESET)
 <LI><a href="#[3c]">TIM7_IRQHandler</a> from startup_stm32u575xx.o(.text) referenced from startup_stm32u575xx.o(RESET)
 <LI><a href="#[3d]">TIM8_BRK_IRQHandler</a> from startup_stm32u575xx.o(.text) referenced from startup_stm32u575xx.o(RESET)
 <LI><a href="#[40]">TIM8_CC_IRQHandler</a> from startup_stm32u575xx.o(.text) referenced from startup_stm32u575xx.o(RESET)
 <LI><a href="#[3f]">TIM8_TRG_COM_IRQHandler</a> from startup_stm32u575xx.o(.text) referenced from startup_stm32u575xx.o(RESET)
 <LI><a href="#[3e]">TIM8_UP_IRQHandler</a> from startup_stm32u575xx.o(.text) referenced from startup_stm32u575xx.o(RESET)
 <LI><a href="#[66]">TSC_IRQHandler</a> from startup_stm32u575xx.o(.text) referenced from startup_stm32u575xx.o(RESET)
 <LI><a href="#[4a]">UART4_IRQHandler</a> from startup_stm32u575xx.o(.text) referenced from startup_stm32u575xx.o(RESET)
 <LI><a href="#[4b]">UART5_IRQHandler</a> from startup_stm32u575xx.o(.text) referenced from startup_stm32u575xx.o(RESET)
 <LI><a href="#[8d]">UART_DMAAbortOnError</a> from stm32u5xx_hal_uart.o(.text.UART_DMAAbortOnError) referenced 2 times from stm32u5xx_hal_uart.o(.text.HAL_UART_IRQHandler)
 <LI><a href="#[72]">UCPD1_IRQHandler</a> from startup_stm32u575xx.o(.text) referenced from startup_stm32u575xx.o(RESET)
 <LI><a href="#[47]">USART1_IRQHandler</a> from stm32u5xx_it.o(.text.USART1_IRQHandler) referenced from startup_stm32u575xx.o(RESET)
 <LI><a href="#[48]">USART2_IRQHandler</a> from startup_stm32u575xx.o(.text) referenced from startup_stm32u575xx.o(RESET)
 <LI><a href="#[49]">USART3_IRQHandler</a> from startup_stm32u575xx.o(.text) referenced from startup_stm32u575xx.o(RESET)
 <LI><a href="#[5]">UsageFault_Handler</a> from stm32u5xx_it.o(.text.UsageFault_Handler) referenced from startup_stm32u575xx.o(RESET)
 <LI><a href="#[b]">WWDG_IRQHandler</a> from startup_stm32u575xx.o(.text) referenced from startup_stm32u575xx.o(RESET)
 <LI><a href="#[1ea]">_GLOBAL__sub_I_TouchGFXConfiguration.cpp</a> from touchgfxconfiguration.o(.text._GLOBAL__sub_I_TouchGFXConfiguration.cpp) referenced from touchgfxconfiguration.o(.init_array)
 <LI><a href="#[1eb]">_GLOBAL__sub_I_typedtextdatabase.cpp</a> from typedtextdatabase.o(.text._GLOBAL__sub_I_typedtextdatabase.cpp) referenced from typedtextdatabase.o(.init_array)
 <LI><a href="#[98]">Screen1View::setupScreen()</a> from screen1view.o(.text._ZN11Screen1View11setupScreenEv) referenced from screen1view.o(.rodata._ZTV11Screen1View)
 <LI><a href="#[9a]">Screen1View::tearDownScreen()</a> from screen1view.o(.text._ZN11Screen1View14tearDownScreenEv) referenced from screen1view.o(.rodata._ZTV11Screen1View)
 <LI><a href="#[96]">Screen1View::~Screen1View__deallocating()</a> from screen1view.o(.text._ZN11Screen1ViewD0Ev) referenced from screen1view.o(.rodata._ZTV11Screen1View)
 <LI><a href="#[a4]">TouchGFXHAL::initialize()</a> from touchgfxhal.o(.text._ZN11TouchGFXHAL10initializeEv) referenced from touchgfxhal.o(.rodata._ZTV11TouchGFXHAL)
 <LI><a href="#[be]">TouchGFXHAL::enableInterrupts()</a> from touchgfxhal.o(.text._ZN11TouchGFXHAL16enableInterruptsEv) referenced from touchgfxhal.o(.rodata._ZTV11TouchGFXHAL)
 <LI><a href="#[a7]">TouchGFXHAL::flushFrameBuffer(touchgfx::Rect const&)</a> from touchgfxhal.o(.text._ZN11TouchGFXHAL16flushFrameBufferERKN8touchgfx4RectE) referenced from touchgfxhal.o(.rodata._ZTV11TouchGFXHAL)
 <LI><a href="#[a6]">TouchGFXHAL::flushFrameBuffer()</a> from touchgfxhal.o(.text._ZN11TouchGFXHAL16flushFrameBufferEv) referenced from touchgfxhal.o(.rodata._ZTV11TouchGFXHAL)
 <LI><a href="#[bf]">TouchGFXHAL::disableInterrupts()</a> from touchgfxhal.o(.text._ZN11TouchGFXHAL17disableInterruptsEv) referenced from touchgfxhal.o(.rodata._ZTV11TouchGFXHAL)
 <LI><a href="#[ce]">TouchGFXHAL::setTFTFrameBuffer(unsigned short*)</a> from touchgfxhal.o(.text._ZN11TouchGFXHAL17setTFTFrameBufferEPt) referenced from touchgfxhal.o(.rodata._ZTV11TouchGFXHAL)
 <LI><a href="#[bd]">TouchGFXHAL::configureInterrupts()</a> from touchgfxhal.o(.text._ZN11TouchGFXHAL19configureInterruptsEv) referenced from touchgfxhal.o(.rodata._ZTV11TouchGFXHAL)
 <LI><a href="#[c0]">TouchGFXHAL::enableLCDControllerInterrupt()</a> from touchgfxhal.o(.text._ZN11TouchGFXHAL28enableLCDControllerInterruptEv) referenced from touchgfxhal.o(.rodata._ZTV11TouchGFXHAL)
 <LI><a href="#[ad]">TouchGFXHAL::blockCopy(void*, void const*, unsigned int)</a> from touchgfxhal.o(.text._ZN11TouchGFXHAL9blockCopyEPvPKvj) referenced from touchgfxhal.o(.rodata._ZTV11TouchGFXHAL)
 <LI><a href="#[a1]">TouchGFXHAL::~TouchGFXHAL__deallocating()</a> from touchgfxhal.o(.text._ZN11TouchGFXHALD0Ev) referenced from touchgfxhal.o(.rodata._ZTV11TouchGFXHAL)
 <LI><a href="#[d4]">FrontendHeap::~FrontendHeap__deallocating()</a> from touchgfxconfiguration.o(.text._ZN12FrontendHeapD0Ev) referenced from touchgfxconfiguration.o(.rodata._ZTV12FrontendHeap)
 <LI><a href="#[92]">FrontendHeap::~FrontendHeap__sub_object()</a> from touchgfxconfiguration.o(.text._ZN12FrontendHeapD2Ev) referenced from touchgfxconfiguration.o(.rodata._ZTV12FrontendHeap)
 <LI><a href="#[92]">FrontendHeap::~FrontendHeap__sub_object()</a> from touchgfxconfiguration.o(.text._ZN12FrontendHeapD2Ev) referenced 2 times from touchgfxconfiguration.o(.text.touchgfx_init)
 <LI><a href="#[d7]">Screen1ViewBase::setupScreen()</a> from screen1viewbase.o(.text._ZN15Screen1ViewBase11setupScreenEv) referenced from screen1viewbase.o(.rodata._ZTV15Screen1ViewBase)
 <LI><a href="#[d6]">Screen1ViewBase::~Screen1ViewBase__deallocating()</a> from screen1viewbase.o(.text._ZN15Screen1ViewBaseD0Ev) referenced from screen1viewbase.o(.rodata._ZTV15Screen1ViewBase)
 <LI><a href="#[95]">Screen1ViewBase::~Screen1ViewBase__sub_object()</a> from screen1viewbase.o(.text._ZN15Screen1ViewBaseD2Ev) referenced from screen1view.o(.rodata._ZTV11Screen1View)
 <LI><a href="#[95]">Screen1ViewBase::~Screen1ViewBase__sub_object()</a> from screen1viewbase.o(.text._ZN15Screen1ViewBaseD2Ev) referenced from screen1viewbase.o(.rodata._ZTV15Screen1ViewBase)
 <LI><a href="#[d5]">FrontendHeapBase::gotoStartScreen(FrontendApplication&)</a> from touchgfxconfiguration.o(.text._ZN16FrontendHeapBase15gotoStartScreenER19FrontendApplication) referenced from touchgfxconfiguration.o(.rodata._ZTV12FrontendHeap)
 <LI><a href="#[da]">Screen1Presenter::deactivate()</a> from screen1presenter.o(.text._ZN16Screen1Presenter10deactivateEv) referenced from screen1presenter.o(.rodata._ZTV16Screen1Presenter)
 <LI><a href="#[d9]">Screen1Presenter::activate()</a> from screen1presenter.o(.text._ZN16Screen1Presenter8activateEv) referenced from screen1presenter.o(.rodata._ZTV16Screen1Presenter)
 <LI><a href="#[dc]">Screen1Presenter::~Screen1Presenter__deallocating()</a> from screen1presenter.o(.text._ZN16Screen1PresenterD0Ev) referenced from screen1presenter.o(.rodata._ZTV16Screen1Presenter)
 <LI><a href="#[db]">Screen1Presenter::~Screen1Presenter__sub_object()</a> from screen1presenter.o(.text._ZN16Screen1PresenterD2Ev) referenced from screen1presenter.o(.rodata._ZTV16Screen1Presenter)
 <LI><a href="#[e3]">FrontendApplication::handleTickEvent()</a> from frontendapplication.o(.text._ZN19FrontendApplication15handleTickEventEv) referenced from frontendapplication.o(.rodata._ZTV19FrontendApplication)
 <LI><a href="#[e6]">FrontendApplication::~FrontendApplication__deallocating()</a> from frontendapplication.o(.text._ZN19FrontendApplicationD0Ev) referenced from frontendapplication.o(.rodata._ZTV19FrontendApplication)
 <LI><a href="#[f5]">STM32TouchController::sampleTouch(int&, int&)</a> from stm32touchcontroller.o(.text._ZN20STM32TouchController11sampleTouchERiS0_) referenced from stm32touchcontroller.o(.rodata._ZTV20STM32TouchController)
 <LI><a href="#[f4]">STM32TouchController::init()</a> from stm32touchcontroller.o(.text._ZN20STM32TouchController4initEv) referenced from stm32touchcontroller.o(.rodata._ZTV20STM32TouchController)
 <LI><a href="#[f3]">STM32TouchController::~STM32TouchController__deallocating()</a> from stm32touchcontroller.o(.text._ZN20STM32TouchControllerD0Ev) referenced from stm32touchcontroller.o(.rodata._ZTV20STM32TouchController)
 <LI><a href="#[f6]">ApplicationFontProvider::getFont(unsigned short)</a> from applicationfontprovider.o(.text._ZN23ApplicationFontProvider7getFontEt) referenced from applicationfontprovider.o(.rodata._ZTV23ApplicationFontProvider)
 <LI><a href="#[f8]">ApplicationFontProvider::~ApplicationFontProvider__deallocating()</a> from applicationfontprovider.o(.text._ZN23ApplicationFontProviderD0Ev) referenced from applicationfontprovider.o(.rodata._ZTV23ApplicationFontProvider)
 <LI><a href="#[e7]">FrontendApplicationBase::changeToStartScreen()</a> from frontendapplication.o(.text._ZN23FrontendApplicationBase19changeToStartScreenEv) referenced from frontendapplication.o(.rodata._ZTV19FrontendApplication)
 <LI><a href="#[e7]">FrontendApplicationBase::changeToStartScreen()</a> from frontendapplication.o(.text._ZN23FrontendApplicationBase19changeToStartScreenEv) referenced from frontendapplicationbase.o(.rodata._ZTV23FrontendApplicationBase)
 <LI><a href="#[90]">FrontendApplicationBase::gotoScreen1ScreenNoTransitionImpl()</a> from frontendapplicationbase.o(.text._ZN23FrontendApplicationBase33gotoScreen1ScreenNoTransitionImplEv) referenced 2 times from frontendapplicationbase.o(.text._ZN23FrontendApplicationBase29gotoScreen1ScreenNoTransitionEv)
 <LI><a href="#[fa]">FrontendApplicationBase::~FrontendApplicationBase__deallocating()</a> from frontendapplicationbase.o(.text._ZN23FrontendApplicationBaseD0Ev) referenced from frontendapplicationbase.o(.rodata._ZTV23FrontendApplicationBase)
 <LI><a href="#[e5]">FrontendApplicationBase::~FrontendApplicationBase__sub_object()</a> from frontendapplication.o(.text._ZN23FrontendApplicationBaseD2Ev) referenced from frontendapplication.o(.rodata._ZTV19FrontendApplication)
 <LI><a href="#[e5]">FrontendApplicationBase::~FrontendApplicationBase__sub_object()</a> from frontendapplication.o(.text._ZN23FrontendApplicationBaseD2Ev) referenced from frontendapplicationbase.o(.rodata._ZTV23FrontendApplicationBase)
 <LI><a href="#[fc]">touchgfx::ClickEvent::~ClickEvent__deallocating()</a> from screen.o(.text._ZN8touchgfx10ClickEventD0Ev) referenced from screen.o(.rodata._ZTVN8touchgfx10ClickEventE)
 <LI><a href="#[109]">touchgfx::Transition::invalidate()</a> from frontendapplicationbase.o(.text._ZN8touchgfx10Transition10invalidateEv) referenced from frontendapplicationbase.o(.rodata._ZTVN8touchgfx12NoTransitionE)
 <LI><a href="#[10a]">touchgfx::Transition::setScreenContainer(touchgfx::Container&)</a> from frontendapplicationbase.o(.text._ZN8touchgfx10Transition18setScreenContainerERNS_9ContainerE) referenced from frontendapplicationbase.o(.rodata._ZTVN8touchgfx12NoTransitionE)
 <LI><a href="#[108]">touchgfx::Transition::init()</a> from frontendapplicationbase.o(.text._ZN8touchgfx10Transition4initEv) referenced from frontendapplicationbase.o(.rodata._ZTVN8touchgfx12NoTransitionE)
 <LI><a href="#[107]">touchgfx::Transition::tearDown()</a> from frontendapplicationbase.o(.text._ZN8touchgfx10Transition8tearDownEv) referenced from frontendapplicationbase.o(.rodata._ZTVN8touchgfx12NoTransitionE)
 <LI><a href="#[104]">touchgfx::Transition::~Transition__sub_object()</a> from frontendapplicationbase.o(.text._ZN8touchgfx10TransitionD2Ev) referenced from frontendapplicationbase.o(.rodata._ZTVN8touchgfx12NoTransitionE)
 <LI><a href="#[ee]">touchgfx::Application::invalidate()</a> from application.o(.text._ZN8touchgfx11Application10invalidateEv) referenced from frontendapplication.o(.rodata._ZTV19FrontendApplication)
 <LI><a href="#[ee]">touchgfx::Application::invalidate()</a> from application.o(.text._ZN8touchgfx11Application10invalidateEv) referenced from frontendapplicationbase.o(.rodata._ZTV23FrontendApplicationBase)
 <LI><a href="#[ee]">touchgfx::Application::invalidate()</a> from application.o(.text._ZN8touchgfx11Application10invalidateEv) referenced from application.o(.rodata._ZTVN8touchgfx11ApplicationE)
 <LI><a href="#[e8]">touchgfx::Application::switchScreen(touchgfx::Screen*)</a> from application.o(.text._ZN8touchgfx11Application12switchScreenEPNS_6ScreenE) referenced from frontendapplication.o(.rodata._ZTV19FrontendApplication)
 <LI><a href="#[e8]">touchgfx::Application::switchScreen(touchgfx::Screen*)</a> from application.o(.text._ZN8touchgfx11Application12switchScreenEPNS_6ScreenE) referenced from frontendapplicationbase.o(.rodata._ZTV23FrontendApplicationBase)
 <LI><a href="#[e8]">touchgfx::Application::switchScreen(touchgfx::Screen*)</a> from application.o(.text._ZN8touchgfx11Application12switchScreenEPNS_6ScreenE) referenced from application.o(.rodata._ZTVN8touchgfx11ApplicationE)
 <LI><a href="#[eb]">touchgfx::Application::requestRedraw(touchgfx::Rect&)</a> from frontendapplication.o(.text._ZN8touchgfx11Application13requestRedrawERNS_4RectE) referenced from frontendapplication.o(.rodata._ZTV19FrontendApplication)
 <LI><a href="#[eb]">touchgfx::Application::requestRedraw(touchgfx::Rect&)</a> from frontendapplication.o(.text._ZN8touchgfx11Application13requestRedrawERNS_4RectE) referenced from frontendapplicationbase.o(.rodata._ZTV23FrontendApplicationBase)
 <LI><a href="#[eb]">touchgfx::Application::requestRedraw(touchgfx::Rect&)</a> from frontendapplication.o(.text._ZN8touchgfx11Application13requestRedrawERNS_4RectE) referenced from application.o(.rodata._ZTVN8touchgfx11ApplicationE)
 <LI><a href="#[ea]">touchgfx::Application::requestRedraw()</a> from application.o(.text._ZN8touchgfx11Application13requestRedrawEv) referenced from frontendapplication.o(.rodata._ZTV19FrontendApplication)
 <LI><a href="#[ea]">touchgfx::Application::requestRedraw()</a> from application.o(.text._ZN8touchgfx11Application13requestRedrawEv) referenced from frontendapplicationbase.o(.rodata._ZTV23FrontendApplicationBase)
 <LI><a href="#[ea]">touchgfx::Application::requestRedraw()</a> from application.o(.text._ZN8touchgfx11Application13requestRedrawEv) referenced from application.o(.rodata._ZTVN8touchgfx11ApplicationE)
 <LI><a href="#[e2]">touchgfx::Application::handleKeyEvent(unsigned char)</a> from application.o(.text._ZN8touchgfx11Application14handleKeyEventEh) referenced from frontendapplication.o(.rodata._ZTV19FrontendApplication)
 <LI><a href="#[e2]">touchgfx::Application::handleKeyEvent(unsigned char)</a> from application.o(.text._ZN8touchgfx11Application14handleKeyEventEh) referenced from frontendapplicationbase.o(.rodata._ZTV23FrontendApplicationBase)
 <LI><a href="#[e2]">touchgfx::Application::handleKeyEvent(unsigned char)</a> from application.o(.text._ZN8touchgfx11Application14handleKeyEventEh) referenced from application.o(.rodata._ZTVN8touchgfx11ApplicationE)
 <LI><a href="#[ef]">touchgfx::Application::invalidateArea(touchgfx::Rect)</a> from application.o(.text._ZN8touchgfx11Application14invalidateAreaENS_4RectE) referenced from frontendapplication.o(.rodata._ZTV19FrontendApplication)
 <LI><a href="#[ef]">touchgfx::Application::invalidateArea(touchgfx::Rect)</a> from application.o(.text._ZN8touchgfx11Application14invalidateAreaENS_4RectE) referenced from frontendapplicationbase.o(.rodata._ZTV23FrontendApplicationBase)
 <LI><a href="#[ef]">touchgfx::Application::invalidateArea(touchgfx::Rect)</a> from application.o(.text._ZN8touchgfx11Application14invalidateAreaENS_4RectE) referenced from application.o(.rodata._ZTVN8touchgfx11ApplicationE)
 <LI><a href="#[e9]">touchgfx::Application::appSwitchScreen(unsigned char)</a> from frontendapplication.o(.text._ZN8touchgfx11Application15appSwitchScreenEh) referenced from frontendapplication.o(.rodata._ZTV19FrontendApplication)
 <LI><a href="#[e9]">touchgfx::Application::appSwitchScreen(unsigned char)</a> from frontendapplication.o(.text._ZN8touchgfx11Application15appSwitchScreenEh) referenced from frontendapplicationbase.o(.rodata._ZTV23FrontendApplicationBase)
 <LI><a href="#[e9]">touchgfx::Application::appSwitchScreen(unsigned char)</a> from frontendapplication.o(.text._ZN8touchgfx11Application15appSwitchScreenEh) referenced from application.o(.rodata._ZTVN8touchgfx11ApplicationE)
 <LI><a href="#[ed]">touchgfx::Application::drawCachedAreas()</a> from application.o(.text._ZN8touchgfx11Application15drawCachedAreasEv) referenced from frontendapplication.o(.rodata._ZTV19FrontendApplication)
 <LI><a href="#[ed]">touchgfx::Application::drawCachedAreas()</a> from application.o(.text._ZN8touchgfx11Application15drawCachedAreasEv) referenced from frontendapplicationbase.o(.rodata._ZTV23FrontendApplicationBase)
 <LI><a href="#[ed]">touchgfx::Application::drawCachedAreas()</a> from application.o(.text._ZN8touchgfx11Application15drawCachedAreasEv) referenced from application.o(.rodata._ZTVN8touchgfx11ApplicationE)
 <LI><a href="#[e0]">touchgfx::Application::handleDragEvent(touchgfx::DragEvent const&)</a> from application.o(.text._ZN8touchgfx11Application15handleDragEventERKNS_9DragEventE) referenced from frontendapplication.o(.rodata._ZTV19FrontendApplication)
 <LI><a href="#[e0]">touchgfx::Application::handleDragEvent(touchgfx::DragEvent const&)</a> from application.o(.text._ZN8touchgfx11Application15handleDragEventERKNS_9DragEventE) referenced from frontendapplicationbase.o(.rodata._ZTV23FrontendApplicationBase)
 <LI><a href="#[e0]">touchgfx::Application::handleDragEvent(touchgfx::DragEvent const&)</a> from application.o(.text._ZN8touchgfx11Application15handleDragEventERKNS_9DragEventE) referenced from application.o(.rodata._ZTVN8touchgfx11ApplicationE)
 <LI><a href="#[f9]">touchgfx::Application::handleTickEvent()</a> from application.o(.text._ZN8touchgfx11Application15handleTickEventEv) referenced from frontendapplicationbase.o(.rodata._ZTV23FrontendApplicationBase)
 <LI><a href="#[f9]">touchgfx::Application::handleTickEvent()</a> from application.o(.text._ZN8touchgfx11Application15handleTickEventEv) referenced from application.o(.rodata._ZTVN8touchgfx11ApplicationE)
 <LI><a href="#[ec]">touchgfx::Application::clearCachedAreas()</a> from application.o(.text._ZN8touchgfx11Application16clearCachedAreasEv) referenced from frontendapplication.o(.rodata._ZTV19FrontendApplication)
 <LI><a href="#[ec]">touchgfx::Application::clearCachedAreas()</a> from application.o(.text._ZN8touchgfx11Application16clearCachedAreasEv) referenced from frontendapplicationbase.o(.rodata._ZTV23FrontendApplicationBase)
 <LI><a href="#[ec]">touchgfx::Application::clearCachedAreas()</a> from application.o(.text._ZN8touchgfx11Application16clearCachedAreasEv) referenced from application.o(.rodata._ZTVN8touchgfx11ApplicationE)
 <LI><a href="#[df]">touchgfx::Application::handleClickEvent(touchgfx::ClickEvent const&)</a> from application.o(.text._ZN8touchgfx11Application16handleClickEventERKNS_10ClickEventE) referenced from frontendapplication.o(.rodata._ZTV19FrontendApplication)
 <LI><a href="#[df]">touchgfx::Application::handleClickEvent(touchgfx::ClickEvent const&)</a> from application.o(.text._ZN8touchgfx11Application16handleClickEventERKNS_10ClickEventE) referenced from frontendapplicationbase.o(.rodata._ZTV23FrontendApplicationBase)
 <LI><a href="#[df]">touchgfx::Application::handleClickEvent(touchgfx::ClickEvent const&)</a> from application.o(.text._ZN8touchgfx11Application16handleClickEventERKNS_10ClickEventE) referenced from application.o(.rodata._ZTVN8touchgfx11ApplicationE)
 <LI><a href="#[e1]">touchgfx::Application::handleGestureEvent(touchgfx::GestureEvent const&)</a> from application.o(.text._ZN8touchgfx11Application18handleGestureEventERKNS_12GestureEventE) referenced from frontendapplication.o(.rodata._ZTV19FrontendApplication)
 <LI><a href="#[e1]">touchgfx::Application::handleGestureEvent(touchgfx::GestureEvent const&)</a> from application.o(.text._ZN8touchgfx11Application18handleGestureEventERKNS_12GestureEventE) referenced from frontendapplicationbase.o(.rodata._ZTV23FrontendApplicationBase)
 <LI><a href="#[e1]">touchgfx::Application::handleGestureEvent(touchgfx::GestureEvent const&)</a> from application.o(.text._ZN8touchgfx11Application18handleGestureEventERKNS_12GestureEventE) referenced from application.o(.rodata._ZTVN8touchgfx11ApplicationE)
 <LI><a href="#[101]">touchgfx::Application::changeToStartScreen()</a> from application.o(.text._ZN8touchgfx11Application19changeToStartScreenEv) referenced from application.o(.rodata._ZTVN8touchgfx11ApplicationE)
 <LI><a href="#[fe]">touchgfx::Application::handlePendingScreenTransition()</a> from application.o(.text._ZN8touchgfx11Application29handlePendingScreenTransitionEv) referenced from application.o(.rodata._ZTVN8touchgfx11ApplicationE)
 <LI><a href="#[f1]">touchgfx::Application::draw(touchgfx::Rect&)</a> from application.o(.text._ZN8touchgfx11Application4drawERNS_4RectE) referenced from frontendapplication.o(.rodata._ZTV19FrontendApplication)
 <LI><a href="#[f1]">touchgfx::Application::draw(touchgfx::Rect&)</a> from application.o(.text._ZN8touchgfx11Application4drawERNS_4RectE) referenced from frontendapplicationbase.o(.rodata._ZTV23FrontendApplicationBase)
 <LI><a href="#[f1]">touchgfx::Application::draw(touchgfx::Rect&)</a> from application.o(.text._ZN8touchgfx11Application4drawERNS_4RectE) referenced from application.o(.rodata._ZTVN8touchgfx11ApplicationE)
 <LI><a href="#[f0]">touchgfx::Application::draw()</a> from application.o(.text._ZN8touchgfx11Application4drawEv) referenced from frontendapplication.o(.rodata._ZTV19FrontendApplication)
 <LI><a href="#[f0]">touchgfx::Application::draw()</a> from application.o(.text._ZN8touchgfx11Application4drawEv) referenced from frontendapplicationbase.o(.rodata._ZTV23FrontendApplicationBase)
 <LI><a href="#[f0]">touchgfx::Application::draw()</a> from application.o(.text._ZN8touchgfx11Application4drawEv) referenced from application.o(.rodata._ZTVN8touchgfx11ApplicationE)
 <LI><a href="#[100]">touchgfx::Application::~Application__deallocating()</a> from application.o(.text._ZN8touchgfx11ApplicationD0Ev) referenced from application.o(.rodata._ZTVN8touchgfx11ApplicationE)
 <LI><a href="#[f7]">touchgfx::FontProvider::~FontProvider__sub_object()</a> from applicationfontprovider.o(.text._ZN8touchgfx12FontProviderD2Ev) referenced from applicationfontprovider.o(.rodata._ZTV23ApplicationFontProvider)
 <LI><a href="#[102]">touchgfx::GestureEvent::~GestureEvent__deallocating()</a> from screen.o(.text._ZN8touchgfx12GestureEventD0Ev) referenced from screen.o(.rodata._ZTVN8touchgfx12GestureEventE)
 <LI><a href="#[106]">touchgfx::NoTransition::handleTickEvent()</a> from frontendapplicationbase.o(.text._ZN8touchgfx12NoTransition15handleTickEventEv) referenced from frontendapplicationbase.o(.rodata._ZTVN8touchgfx12NoTransitionE)
 <LI><a href="#[105]">touchgfx::NoTransition::~NoTransition__deallocating()</a> from frontendapplicationbase.o(.text._ZN8touchgfx12NoTransitionD0Ev) referenced from frontendapplicationbase.o(.rodata._ZTVN8touchgfx12NoTransitionE)
 <LI><a href="#[125]">touchgfx::ToggleButton::setBitmaps(touchgfx::Bitmap const&, touchgfx::Bitmap const&)</a> from togglebutton.o(.text._ZN8touchgfx12ToggleButton10setBitmapsERKNS_6BitmapES3_) referenced from togglebutton.o(.rodata._ZTVN8touchgfx12ToggleButtonE)
 <LI><a href="#[11c]">touchgfx::ToggleButton::handleClickEvent(touchgfx::ClickEvent const&)</a> from togglebutton.o(.text._ZN8touchgfx12ToggleButton16handleClickEventERKNS_10ClickEventE) referenced from togglebutton.o(.rodata._ZTVN8touchgfx12ToggleButtonE)
 <LI><a href="#[10c]">touchgfx::ToggleButton::~ToggleButton__deallocating()</a> from togglebutton.o(.text._ZN8touchgfx12ToggleButtonD0Ev) referenced from togglebutton.o(.rodata._ZTVN8touchgfx12ToggleButtonE)
 <LI><a href="#[153]">touchgfx::DMA_Interface::addToQueue(touchgfx::BlitOp const&)</a> from dma.o(.text._ZN8touchgfx13DMA_Interface10addToQueueERKNS_6BlitOpE) referenced from touchgfxconfiguration.o(.rodata._ZTVN8touchgfx5NoDMAE)
 <LI><a href="#[158]">touchgfx::DMA_Interface::getDMAType()</a> from touchgfxconfiguration.o(.text._ZN8touchgfx13DMA_Interface10getDMATypeEv) referenced from touchgfxconfiguration.o(.rodata._ZTVN8touchgfx5NoDMAE)
 <LI><a href="#[155]">touchgfx::DMA_Interface::initialize()</a> from touchgfxconfiguration.o(.text._ZN8touchgfx13DMA_Interface10initializeEv) referenced from touchgfxconfiguration.o(.rodata._ZTVN8touchgfx5NoDMAE)
 <LI><a href="#[160]">touchgfx::DMA_Interface::enableAlpha(unsigned char)</a> from dma.o(.text._ZN8touchgfx13DMA_Interface11enableAlphaEh) referenced from touchgfxconfiguration.o(.rodata._ZTVN8touchgfx5NoDMAE)
 <LI><a href="#[161]">touchgfx::DMA_Interface::disableAlpha()</a> from dma.o(.text._ZN8touchgfx13DMA_Interface12disableAlphaEv) referenced from touchgfxconfiguration.o(.rodata._ZTVN8touchgfx5NoDMAE)
 <LI><a href="#[15d]">touchgfx::DMA_Interface::seedExecution()</a> from dma.o(.text._ZN8touchgfx13DMA_Interface13seedExecutionEv) referenced from touchgfxconfiguration.o(.rodata._ZTVN8touchgfx5NoDMAE)
 <LI><a href="#[15c]">touchgfx::DMA_Interface::executeCompleted()</a> from dma.o(.text._ZN8touchgfx13DMA_Interface16executeCompletedEv) referenced from touchgfxconfiguration.o(.rodata._ZTVN8touchgfx5NoDMAE)
 <LI><a href="#[163]">touchgfx::DMA_Interface::waitForFrameBufferSemaphore()</a> from dma.o(.text._ZN8touchgfx13DMA_Interface27waitForFrameBufferSemaphoreEv) referenced from touchgfxconfiguration.o(.rodata._ZTVN8touchgfx5NoDMAE)
 <LI><a href="#[162]">touchgfx::DMA_Interface::enableCopyWithTransparentPixels(unsigned char)</a> from dma.o(.text._ZN8touchgfx13DMA_Interface31enableCopyWithTransparentPixelsEh) referenced from touchgfxconfiguration.o(.rodata._ZTVN8touchgfx5NoDMAE)
 <LI><a href="#[156]">touchgfx::DMA_Interface::start()</a> from dma.o(.text._ZN8touchgfx13DMA_Interface5startEv) referenced from touchgfxconfiguration.o(.rodata._ZTVN8touchgfx5NoDMAE)
 <LI><a href="#[15b]">touchgfx::DMA_Interface::execute()</a> from dma.o(.text._ZN8touchgfx13DMA_Interface7executeEv) referenced from touchgfxconfiguration.o(.rodata._ZTVN8touchgfx5NoDMAE)
 <LI><a href="#[127]">touchgfx::GeneratedFont::~GeneratedFont__deallocating()</a> from generatedfont.o(.text._ZN8touchgfx13GeneratedFontD0Ev) referenced from generatedfont.o(.rodata._ZTVN8touchgfx13GeneratedFontE)
 <LI><a href="#[123]">touchgfx::AbstractButton::executeAction()</a> from button.o(.text._ZN8touchgfx14AbstractButton13executeActionEv) referenced from togglebutton.o(.rodata._ZTVN8touchgfx12ToggleButtonE)
 <LI><a href="#[e4]">touchgfx::MVPApplication::handlePendingScreenTransition()</a> from frontendapplication.o(.text._ZN8touchgfx14MVPApplication29handlePendingScreenTransitionEv) referenced from frontendapplication.o(.rodata._ZTV19FrontendApplication)
 <LI><a href="#[e4]">touchgfx::MVPApplication::handlePendingScreenTransition()</a> from frontendapplication.o(.text._ZN8touchgfx14MVPApplication29handlePendingScreenTransitionEv) referenced from frontendapplicationbase.o(.rodata._ZTV23FrontendApplicationBase)
 <LI><a href="#[167]">touchgfx::GenericCallback&lang;void, void, void&rang;::~GenericCallback__sub_object()</a> from frontendapplicationbase.o(.text._ZN8touchgfx15GenericCallbackIvvvED2Ev) referenced from frontendapplicationbase.o(.rodata._ZTVN8touchgfx8CallbackI23FrontendApplicationBasevvvEE)
 <LI><a href="#[f2]">touchgfx::TouchController::~TouchController__sub_object()</a> from stm32touchcontroller.o(.text._ZN8touchgfx15TouchControllerD2Ev) referenced from stm32touchcontroller.o(.rodata._ZTV20STM32TouchController)
 <LI><a href="#[ff]">touchgfx::UIEventListener::~UIEventListener__sub_object()</a> from application.o(.text._ZN8touchgfx15UIEventListenerD2Ev) referenced from application.o(.rodata._ZTVN8touchgfx11ApplicationE)
 <LI><a href="#[141]">touchgfx::AbstractPartition::allocateAt(unsigned short, unsigned short)</a> from abstractpartition.o(.text._ZN8touchgfx17AbstractPartition10allocateAtEtt) referenced from abstractpartition.o(.rodata._ZTVN8touchgfx17AbstractPartitionE)
 <LI><a href="#[141]">touchgfx::AbstractPartition::allocateAt(unsigned short, unsigned short)</a> from abstractpartition.o(.text._ZN8touchgfx17AbstractPartition10allocateAtEtt) referenced from touchgfxconfiguration.o(.rodata._ZTVN8touchgfx9PartitionINS_4meta8TypeListI11Screen1ViewNS2_INS1_3NilES4_EEEELt1EEE)
 <LI><a href="#[141]">touchgfx::AbstractPartition::allocateAt(unsigned short, unsigned short)</a> from abstractpartition.o(.text._ZN8touchgfx17AbstractPartition10allocateAtEtt) referenced from touchgfxconfiguration.o(.rodata._ZTVN8touchgfx9PartitionINS_4meta8TypeListI16Screen1PresenterNS2_INS1_3NilES4_EEEELt1EEE)
 <LI><a href="#[141]">touchgfx::AbstractPartition::allocateAt(unsigned short, unsigned short)</a> from abstractpartition.o(.text._ZN8touchgfx17AbstractPartition10allocateAtEtt) referenced from touchgfxconfiguration.o(.rodata._ZTVN8touchgfx9PartitionINS_4meta8TypeListINS_12NoTransitionENS2_INS1_3NilES4_EEEELt1EEE)
 <LI><a href="#[144]">touchgfx::AbstractPartition::clear()</a> from abstractpartition.o(.text._ZN8touchgfx17AbstractPartition5clearEv) referenced from abstractpartition.o(.rodata._ZTVN8touchgfx17AbstractPartitionE)
 <LI><a href="#[144]">touchgfx::AbstractPartition::clear()</a> from abstractpartition.o(.text._ZN8touchgfx17AbstractPartition5clearEv) referenced from touchgfxconfiguration.o(.rodata._ZTVN8touchgfx9PartitionINS_4meta8TypeListI11Screen1ViewNS2_INS1_3NilES4_EEEELt1EEE)
 <LI><a href="#[144]">touchgfx::AbstractPartition::clear()</a> from abstractpartition.o(.text._ZN8touchgfx17AbstractPartition5clearEv) referenced from touchgfxconfiguration.o(.rodata._ZTVN8touchgfx9PartitionINS_4meta8TypeListI16Screen1PresenterNS2_INS1_3NilES4_EEEELt1EEE)
 <LI><a href="#[144]">touchgfx::AbstractPartition::clear()</a> from abstractpartition.o(.text._ZN8touchgfx17AbstractPartition5clearEv) referenced from touchgfxconfiguration.o(.rodata._ZTVN8touchgfx9PartitionINS_4meta8TypeListINS_12NoTransitionENS2_INS1_3NilES4_EEEELt1EEE)
 <LI><a href="#[143]">touchgfx::AbstractPartition::indexOf(void const*)</a> from abstractpartition.o(.text._ZN8touchgfx17AbstractPartition7indexOfEPKv) referenced from abstractpartition.o(.rodata._ZTVN8touchgfx17AbstractPartitionE)
 <LI><a href="#[143]">touchgfx::AbstractPartition::indexOf(void const*)</a> from abstractpartition.o(.text._ZN8touchgfx17AbstractPartition7indexOfEPKv) referenced from touchgfxconfiguration.o(.rodata._ZTVN8touchgfx9PartitionINS_4meta8TypeListI11Screen1ViewNS2_INS1_3NilES4_EEEELt1EEE)
 <LI><a href="#[143]">touchgfx::AbstractPartition::indexOf(void const*)</a> from abstractpartition.o(.text._ZN8touchgfx17AbstractPartition7indexOfEPKv) referenced from touchgfxconfiguration.o(.rodata._ZTVN8touchgfx9PartitionINS_4meta8TypeListI16Screen1PresenterNS2_INS1_3NilES4_EEEELt1EEE)
 <LI><a href="#[143]">touchgfx::AbstractPartition::indexOf(void const*)</a> from abstractpartition.o(.text._ZN8touchgfx17AbstractPartition7indexOfEPKv) referenced from touchgfxconfiguration.o(.rodata._ZTVN8touchgfx9PartitionINS_4meta8TypeListINS_12NoTransitionENS2_INS1_3NilES4_EEEELt1EEE)
 <LI><a href="#[140]">touchgfx::AbstractPartition::allocate(unsigned short)</a> from abstractpartition.o(.text._ZN8touchgfx17AbstractPartition8allocateEt) referenced from abstractpartition.o(.rodata._ZTVN8touchgfx17AbstractPartitionE)
 <LI><a href="#[140]">touchgfx::AbstractPartition::allocate(unsigned short)</a> from abstractpartition.o(.text._ZN8touchgfx17AbstractPartition8allocateEt) referenced from touchgfxconfiguration.o(.rodata._ZTVN8touchgfx9PartitionINS_4meta8TypeListI11Screen1ViewNS2_INS1_3NilES4_EEEELt1EEE)
 <LI><a href="#[140]">touchgfx::AbstractPartition::allocate(unsigned short)</a> from abstractpartition.o(.text._ZN8touchgfx17AbstractPartition8allocateEt) referenced from touchgfxconfiguration.o(.rodata._ZTVN8touchgfx9PartitionINS_4meta8TypeListI16Screen1PresenterNS2_INS1_3NilES4_EEEELt1EEE)
 <LI><a href="#[140]">touchgfx::AbstractPartition::allocate(unsigned short)</a> from abstractpartition.o(.text._ZN8touchgfx17AbstractPartition8allocateEt) referenced from touchgfxconfiguration.o(.rodata._ZTVN8touchgfx9PartitionINS_4meta8TypeListINS_12NoTransitionENS2_INS1_3NilES4_EEEELt1EEE)
 <LI><a href="#[13f]">touchgfx::AbstractPartition::~AbstractPartition__deallocating()</a> from abstractpartition.o(.text._ZN8touchgfx17AbstractPartitionD0Ev) referenced from abstractpartition.o(.rodata._ZTVN8touchgfx17AbstractPartitionE)
 <LI><a href="#[13e]">touchgfx::AbstractPartition::~AbstractPartition__sub_object()</a> from abstractpartition.o(.text._ZN8touchgfx17AbstractPartitionD2Ev) referenced from abstractpartition.o(.rodata._ZTVN8touchgfx17AbstractPartitionE)
 <LI><a href="#[13e]">touchgfx::AbstractPartition::~AbstractPartition__sub_object()</a> from abstractpartition.o(.text._ZN8touchgfx17AbstractPartitionD2Ev) referenced from touchgfxconfiguration.o(.rodata._ZTVN8touchgfx9PartitionINS_4meta8TypeListI11Screen1ViewNS2_INS1_3NilES4_EEEELt1EEE)
 <LI><a href="#[13e]">touchgfx::AbstractPartition::~AbstractPartition__sub_object()</a> from abstractpartition.o(.text._ZN8touchgfx17AbstractPartitionD2Ev) referenced from touchgfxconfiguration.o(.rodata._ZTVN8touchgfx9PartitionINS_4meta8TypeListI16Screen1PresenterNS2_INS1_3NilES4_EEEELt1EEE)
 <LI><a href="#[13e]">touchgfx::AbstractPartition::~AbstractPartition__sub_object()</a> from abstractpartition.o(.text._ZN8touchgfx17AbstractPartitionD2Ev) referenced from touchgfxconfiguration.o(.rodata._ZTVN8touchgfx9PartitionINS_4meta8TypeListINS_12NoTransitionENS2_INS1_3NilES4_EEEELt1EEE)
 <LI><a href="#[148]">touchgfx::LockFreeDMA_Queue::pushCopyOf(touchgfx::BlitOp const&)</a> from dma.o(.text._ZN8touchgfx17LockFreeDMA_Queue10pushCopyOfERKNS_6BlitOpE) referenced from dma.o(.rodata._ZTVN8touchgfx17LockFreeDMA_QueueE)
 <LI><a href="#[14b]">touchgfx::LockFreeDMA_Queue::pop()</a> from dma.o(.text._ZN8touchgfx17LockFreeDMA_Queue3popEv) referenced from dma.o(.rodata._ZTVN8touchgfx17LockFreeDMA_QueueE)
 <LI><a href="#[14c]">touchgfx::LockFreeDMA_Queue::first()</a> from dma.o(.text._ZN8touchgfx17LockFreeDMA_Queue5firstEv) referenced from dma.o(.rodata._ZTVN8touchgfx17LockFreeDMA_QueueE)
 <LI><a href="#[147]">touchgfx::LockFreeDMA_Queue::isFull()</a> from dma.o(.text._ZN8touchgfx17LockFreeDMA_Queue6isFullEv) referenced from dma.o(.rodata._ZTVN8touchgfx17LockFreeDMA_QueueE)
 <LI><a href="#[146]">touchgfx::LockFreeDMA_Queue::isEmpty()</a> from dma.o(.text._ZN8touchgfx17LockFreeDMA_Queue7isEmptyEv) referenced from dma.o(.rodata._ZTVN8touchgfx17LockFreeDMA_QueueE)
 <LI><a href="#[14a]">touchgfx::LockFreeDMA_Queue::~LockFreeDMA_Queue__deallocating()</a> from dma.o(.text._ZN8touchgfx17LockFreeDMA_QueueD0Ev) referenced from dma.o(.rodata._ZTVN8touchgfx17LockFreeDMA_QueueE)
 <LI><a href="#[14d]">touchgfx::Box::~Box__deallocating()</a> from box.o(.text._ZN8touchgfx3BoxD0Ev) referenced from box.o(.rodata._ZTVN8touchgfx3BoxE)
 <LI><a href="#[d3]">touchgfx::HAL::FlushCache()</a> from touchgfxhal.o(.text._ZN8touchgfx3HAL10FlushCacheEv) referenced from touchgfxhal.o(.rodata._ZTV11TouchGFXHAL)
 <LI><a href="#[cc]">touchgfx::HAL::beginFrame()</a> from hal.o(.text._ZN8touchgfx3HAL10beginFrameEv) referenced from touchgfxhal.o(.rodata._ZTV11TouchGFXHAL)
 <LI><a href="#[c8]">touchgfx::HAL::getDMAType()</a> from touchgfxhal.o(.text._ZN8touchgfx3HAL10getDMATypeEv) referenced from touchgfxhal.o(.rodata._ZTV11TouchGFXHAL)
 <LI><a href="#[ae]">touchgfx::HAL::getBlitCaps()</a> from touchgfxhal.o(.text._ZN8touchgfx3HAL11getBlitCapsEv) referenced from touchgfxhal.o(.rodata._ZTV11TouchGFXHAL)
 <LI><a href="#[b2]">touchgfx::HAL::blitCopyWord(unsigned short const*, unsigned short, unsigned short, unsigned short, unsigned short, unsigned short, unsigned short)</a> from hal.o(.text._ZN8touchgfx3HAL12blitCopyWordEPKttttttt) referenced from touchgfxhal.o(.rodata._ZTV11TouchGFXHAL)
 <LI><a href="#[b3]">touchgfx::HAL::blitFillWord(unsigned short, unsigned short, unsigned short, unsigned short, unsigned short, unsigned short)</a> from hal.o(.text._ZN8touchgfx3HAL12blitFillWordEtttttt) referenced from touchgfxhal.o(.rodata._ZTV11TouchGFXHAL)
 <LI><a href="#[b5]">touchgfx::HAL::blitCopyGlyph(unsigned char const*, unsigned short, unsigned short, unsigned short, unsigned short, unsigned short, touchgfx::colortype, unsigned char, touchgfx::BlitOperations, bool)</a> from hal.o(.text._ZN8touchgfx3HAL13blitCopyGlyphEPKhtttttNS_9colortypeEhNS_14BlitOperationsEb) referenced from touchgfxhal.o(.rodata._ZTV11TouchGFXHAL)
 <LI><a href="#[d2]">touchgfx::HAL::InvalidateCache()</a> from touchgfxhal.o(.text._ZN8touchgfx3HAL15InvalidateCacheEv) referenced from touchgfxhal.o(.rodata._ZTV11TouchGFXHAL)
 <LI><a href="#[bc]">touchgfx::HAL::backPorchExited()</a> from touchgfxhal.o(.text._ZN8touchgfx3HAL15backPorchExitedEv) referenced from touchgfxhal.o(.rodata._ZTV11TouchGFXHAL)
 <LI><a href="#[aa]">touchgfx::HAL::lockFrameBuffer()</a> from hal.o(.text._ZN8touchgfx3HAL15lockFrameBufferEv) referenced from touchgfxhal.o(.rodata._ZTV11TouchGFXHAL)
 <LI><a href="#[b4]">touchgfx::HAL::blitCopyARGB8888(unsigned short const*, unsigned short, unsigned short, unsigned short, unsigned short, unsigned short, unsigned char, bool)</a> from hal.o(.text._ZN8touchgfx3HAL16blitCopyARGB8888EPKtttttthb) referenced from touchgfxhal.o(.rodata._ZTV11TouchGFXHAL)
 <LI><a href="#[a8]">touchgfx::HAL::allowDMATransfers()</a> from hal.o(.text._ZN8touchgfx3HAL17allowDMATransfersEv) referenced from touchgfxhal.o(.rodata._ZTV11TouchGFXHAL)
 <LI><a href="#[c7]">touchgfx::HAL::getTFTCurrentLine()</a> from touchgfxhal.o(.text._ZN8touchgfx3HAL17getTFTCurrentLineEv) referenced from touchgfxhal.o(.rodata._ZTV11TouchGFXHAL)
 <LI><a href="#[ab]">touchgfx::HAL::unlockFrameBuffer()</a> from hal.o(.text._ZN8touchgfx3HAL17unlockFrameBufferEv) referenced from touchgfxhal.o(.rodata._ZTV11TouchGFXHAL)
 <LI><a href="#[a3]">touchgfx::HAL::setFrameBufferSize(unsigned short, unsigned short)</a> from hal.o(.text._ZN8touchgfx3HAL18setFrameBufferSizeEtt) referenced from touchgfxhal.o(.rodata._ZTV11TouchGFXHAL)
 <LI><a href="#[c3]">touchgfx::HAL::setAnimationStorage(void*)</a> from touchgfxhal.o(.text._ZN8touchgfx3HAL19setAnimationStorageEPv) referenced from touchgfxhal.o(.rodata._ZTV11TouchGFXHAL)
 <LI><a href="#[ba]">touchgfx::HAL::copyFBRegionToMemory(touchgfx::Rect)</a> from hal.o(.text._ZN8touchgfx3HAL20copyFBRegionToMemoryENS_4RectE) referenced from touchgfxhal.o(.rodata._ZTV11TouchGFXHAL)
 <LI><a href="#[bb]">touchgfx::HAL::copyFBRegionToMemory(touchgfx::Rect, unsigned short*, unsigned int)</a> from hal.o(.text._ZN8touchgfx3HAL20copyFBRegionToMemoryENS_4RectEPtj) referenced from touchgfxhal.o(.rodata._ZTV11TouchGFXHAL)
 <LI><a href="#[b9]">touchgfx::HAL::registerEventListener(touchgfx::UIEventListener&)</a> from hal.o(.text._ZN8touchgfx3HAL21registerEventListenerERNS_15UIEventListenerE) referenced from touchgfxhal.o(.rodata._ZTV11TouchGFXHAL)
 <LI><a href="#[a2]">touchgfx::HAL::setDisplayOrientation(touchgfx::DisplayOrientation)</a> from touchgfxhal.o(.text._ZN8touchgfx3HAL21setDisplayOrientationENS_18DisplayOrientationE) referenced from touchgfxhal.o(.rodata._ZTV11TouchGFXHAL)
 <LI><a href="#[b7]">touchgfx::HAL::copyFromTFTToClientBuffer(touchgfx::Rect)</a> from hal.o(.text._ZN8touchgfx3HAL25copyFromTFTToClientBufferENS_4RectE) referenced from touchgfxhal.o(.rodata._ZTV11TouchGFXHAL)
 <LI><a href="#[c4]">touchgfx::HAL::configurePartialFrameBuffer(unsigned short, unsigned short, unsigned short, unsigned short)</a> from hal.o(.text._ZN8touchgfx3HAL27configurePartialFrameBufferEtttt) referenced from touchgfxhal.o(.rodata._ZTV11TouchGFXHAL)
 <LI><a href="#[c9]">touchgfx::HAL::drawDrawableInDynamicBitmap(touchgfx::Drawable&, unsigned short)</a> from hal.o(.text._ZN8touchgfx3HAL27drawDrawableInDynamicBitmapERNS_8DrawableEt) referenced from touchgfxhal.o(.rodata._ZTV11TouchGFXHAL)
 <LI><a href="#[ca]">touchgfx::HAL::drawDrawableInDynamicBitmap(touchgfx::Drawable&, unsigned short, touchgfx::Rect const&)</a> from hal.o(.text._ZN8touchgfx3HAL27drawDrawableInDynamicBitmapERNS_8DrawableEtRKNS_4RectE) referenced from touchgfxhal.o(.rodata._ZTV11TouchGFXHAL)
 <LI><a href="#[c2]">touchgfx::HAL::setFrameBufferStartAddresses(void*, void*, void*)</a> from touchgfxhal.o(.text._ZN8touchgfx3HAL28setFrameBufferStartAddressesEPvS1_S1_) referenced from touchgfxhal.o(.rodata._ZTV11TouchGFXHAL)
 <LI><a href="#[d1]">touchgfx::HAL::performDisplayOrientationChange()</a> from touchgfxhal.o(.text._ZN8touchgfx3HAL31performDisplayOrientationChangeEv) referenced from touchgfxhal.o(.rodata._ZTV11TouchGFXHAL)
 <LI><a href="#[cb]">touchgfx::HAL::tick()</a> from hal.o(.text._ZN8touchgfx3HAL4tickEv) referenced from touchgfxhal.o(.rodata._ZTV11TouchGFXHAL)
 <LI><a href="#[cf]">touchgfx::HAL::touch(int, int)</a> from hal.o(.text._ZN8touchgfx3HAL5touchEii) referenced from touchgfxhal.o(.rodata._ZTV11TouchGFXHAL)
 <LI><a href="#[d0]">touchgfx::HAL::noTouch()</a> from hal.o(.text._ZN8touchgfx3HAL7noTouchEv) referenced from touchgfxhal.o(.rodata._ZTV11TouchGFXHAL)
 <LI><a href="#[af]">touchgfx::HAL::blitCopy(unsigned short const*, unsigned char const*, unsigned short, unsigned short, unsigned short, unsigned short, unsigned short, unsigned char, bool, unsigned short, touchgfx::Bitmap::BitmapFormat, touchgfx::Bitmap::BitmapFormat, bool)</a> from hal.o(.text._ZN8touchgfx3HAL8blitCopyEPKtPKhttttthbtNS_6Bitmap12BitmapFormatES6_b) referenced from touchgfxhal.o(.rodata._ZTV11TouchGFXHAL)
 <LI><a href="#[b1]">touchgfx::HAL::blitCopy(unsigned short const*, unsigned short, unsigned short, unsigned short, unsigned short, unsigned short, unsigned char, bool, bool)</a> from hal.o(.text._ZN8touchgfx3HAL8blitCopyEPKtttttthbb) referenced from touchgfxhal.o(.rodata._ZTV11TouchGFXHAL)
 <LI><a href="#[b0]">touchgfx::HAL::blitCopy(unsigned short const*, unsigned short, unsigned short, unsigned short, unsigned short, unsigned short, unsigned char, bool, unsigned short, touchgfx::Bitmap::BitmapFormat, touchgfx::Bitmap::BitmapFormat, bool)</a> from hal.o(.text._ZN8touchgfx3HAL8blitCopyEPKtttttthbtNS_6Bitmap12BitmapFormatES4_b) referenced from touchgfxhal.o(.rodata._ZTV11TouchGFXHAL)
 <LI><a href="#[b8]">touchgfx::HAL::blitFill(touchgfx::colortype, unsigned short, unsigned short, unsigned short, unsigned short, unsigned char, bool)</a> from hal.o(.text._ZN8touchgfx3HAL8blitFillENS_9colortypeEtttthb) referenced from touchgfxhal.o(.rodata._ZTV11TouchGFXHAL)
 <LI><a href="#[b6]">touchgfx::HAL::blitFill(touchgfx::colortype, unsigned short, unsigned short, unsigned short, unsigned short, unsigned char, unsigned short, touchgfx::Bitmap::BitmapFormat, bool)</a> from hal.o(.text._ZN8touchgfx3HAL8blitFillENS_9colortypeEtttthtNS_6Bitmap12BitmapFormatEb) referenced from touchgfxhal.o(.rodata._ZTV11TouchGFXHAL)
 <LI><a href="#[cd]">touchgfx::HAL::endFrame()</a> from hal.o(.text._ZN8touchgfx3HAL8endFrameEv) referenced from touchgfxhal.o(.rodata._ZTV11TouchGFXHAL)
 <LI><a href="#[a9]">touchgfx::HAL::flushDMA()</a> from hal.o(.text._ZN8touchgfx3HAL8flushDMAEv) referenced from touchgfxhal.o(.rodata._ZTV11TouchGFXHAL)
 <LI><a href="#[c1]">touchgfx::HAL::sampleKey(unsigned char&)</a> from touchgfxhal.o(.text._ZN8touchgfx3HAL9sampleKeyERh) referenced from touchgfxhal.o(.rodata._ZTV11TouchGFXHAL)
 <LI><a href="#[c6]">touchgfx::HAL::taskDelay(unsigned short)</a> from touchgfxhal.o(.text._ZN8touchgfx3HAL9taskDelayEt) referenced from touchgfxhal.o(.rodata._ZTV11TouchGFXHAL)
 <LI><a href="#[a5]">touchgfx::HAL::taskEntry()</a> from hal.o(.text._ZN8touchgfx3HAL9taskEntryEv) referenced from touchgfxhal.o(.rodata._ZTV11TouchGFXHAL)
 <LI><a href="#[a0]">touchgfx::HAL::~HAL__sub_object()</a> from touchgfxhal.o(.text._ZN8touchgfx3HALD2Ev) referenced from touchgfxhal.o(.rodata._ZTV11TouchGFXHAL)
 <LI><a href="#[1bf]">touchgfx::LCD::setDefaultColor(touchgfx::colortype)</a> from lcd16bpp.o(.text._ZN8touchgfx3LCD15setDefaultColorENS_9colortypeE) referenced from lcd16bpp.o(.rodata._ZTVN8touchgfx8LCD16bppE)
 <LI><a href="#[1c1]">touchgfx::LCD::drawTextureMapQuad(touchgfx::DrawingSurface const&, touchgfx::Point3D const*, touchgfx::TextureSurface const&, touchgfx::Rect const&, touchgfx::Rect const&, unsigned short, unsigned char, unsigned short)</a> from lcd.o(.text._ZN8touchgfx3LCD18drawTextureMapQuadERKNS_14DrawingSurfaceEPKNS_7Point3DERKNS_14TextureSurfaceERKNS_4RectESC_tht) referenced from lcd16bpp.o(.rodata._ZTVN8touchgfx8LCD16bppE)
 <LI><a href="#[1c3]">touchgfx::LCD::drawTextureMapScanLine(touchgfx::DrawingSurface const&, touchgfx::Gradients const&, touchgfx::Edge const*, touchgfx::Edge const*, touchgfx::TextureSurface const&, touchgfx::Rect const&, touchgfx::Rect const&, unsigned short, unsigned char, unsigned short)</a> from lcd.o(.text._ZN8touchgfx3LCD22drawTextureMapScanLineERKNS_14DrawingSurfaceERKNS_9GradientsEPKNS_4EdgeES9_RKNS_14TextureSurfaceERKNS_4RectESF_tht) referenced from lcd16bpp.o(.rodata._ZTVN8touchgfx8LCD16bppE)
 <LI><a href="#[1c0]">touchgfx::LCD::drawTextureMapTriangle(touchgfx::DrawingSurface const&, touchgfx::Point3D const*, touchgfx::TextureSurface const&, touchgfx::Rect const&, touchgfx::Rect const&, unsigned short, unsigned char, unsigned short)</a> from lcd.o(.text._ZN8touchgfx3LCD22drawTextureMapTriangleERKNS_14DrawingSurfaceEPKNS_7Point3DERKNS_14TextureSurfaceERKNS_4RectESC_tht) referenced from lcd16bpp.o(.rodata._ZTVN8touchgfx8LCD16bppE)
 <LI><a href="#[178]">touchgfx::LCD::DrawTextureMapScanLineBase::~DrawTextureMapScanLineBase__sub_object()</a> from lcd16bpp.o(.text._ZN8touchgfx3LCD26DrawTextureMapScanLineBaseD2Ev) referenced from lcd16bpp.o(.rodata._ZTVN8touchgfx8LCD16bpp35TextureMapper_A4_NearestNeighbor_GAE)
 <LI><a href="#[178]">touchgfx::LCD::DrawTextureMapScanLineBase::~DrawTextureMapScanLineBase__sub_object()</a> from lcd16bpp.o(.text._ZN8touchgfx3LCD26DrawTextureMapScanLineBaseD2Ev) referenced from lcd16bpp.o(.rodata._ZTVN8touchgfx8LCD16bpp37TextureMapper_A4_NearestNeighbor_NoGAE)
 <LI><a href="#[178]">touchgfx::LCD::DrawTextureMapScanLineBase::~DrawTextureMapScanLineBase__sub_object()</a> from lcd16bpp.o(.text._ZN8touchgfx3LCD26DrawTextureMapScanLineBaseD2Ev) referenced from lcd16bpp.o(.rodata._ZTVN8touchgfx8LCD16bpp41TextureMapper_A4_BilinearInterpolation_GAE)
 <LI><a href="#[178]">touchgfx::LCD::DrawTextureMapScanLineBase::~DrawTextureMapScanLineBase__sub_object()</a> from lcd16bpp.o(.text._ZN8touchgfx3LCD26DrawTextureMapScanLineBaseD2Ev) referenced from lcd16bpp.o(.rodata._ZTVN8touchgfx8LCD16bpp43TextureMapper_A4_BilinearInterpolation_NoGAE)
 <LI><a href="#[178]">touchgfx::LCD::DrawTextureMapScanLineBase::~DrawTextureMapScanLineBase__sub_object()</a> from lcd16bpp.o(.text._ZN8touchgfx3LCD26DrawTextureMapScanLineBaseD2Ev) referenced from lcd16bpp.o(.rodata._ZTVN8touchgfx8LCD16bpp46TextureMapper_RGB565_Opaque_NearestNeighbor_GAE)
 <LI><a href="#[178]">touchgfx::LCD::DrawTextureMapScanLineBase::~DrawTextureMapScanLineBase__sub_object()</a> from lcd16bpp.o(.text._ZN8touchgfx3LCD26DrawTextureMapScanLineBaseD2Ev) referenced from lcd16bpp.o(.rodata._ZTVN8touchgfx8LCD16bpp48TextureMapper_RGB565_Opaque_NearestNeighbor_NoGAE)
 <LI><a href="#[178]">touchgfx::LCD::DrawTextureMapScanLineBase::~DrawTextureMapScanLineBase__sub_object()</a> from lcd16bpp.o(.text._ZN8touchgfx3LCD26DrawTextureMapScanLineBaseD2Ev) referenced from lcd16bpp.o(.rodata._ZTVN8touchgfx8LCD16bpp49TextureMapper_L8_RGB565_Opaque_NearestNeighbor_GAE)
 <LI><a href="#[178]">touchgfx::LCD::DrawTextureMapScanLineBase::~DrawTextureMapScanLineBase__sub_object()</a> from lcd16bpp.o(.text._ZN8touchgfx3LCD26DrawTextureMapScanLineBaseD2Ev) referenced from lcd16bpp.o(.rodata._ZTVN8touchgfx8LCD16bpp49TextureMapper_L8_RGB888_Opaque_NearestNeighbor_GAE)
 <LI><a href="#[178]">touchgfx::LCD::DrawTextureMapScanLineBase::~DrawTextureMapScanLineBase__sub_object()</a> from lcd16bpp.o(.text._ZN8touchgfx3LCD26DrawTextureMapScanLineBaseD2Ev) referenced from lcd16bpp.o(.rodata._ZTVN8touchgfx8LCD16bpp49TextureMapper_RGB565_NonOpaque_NearestNeighbor_GAE)
 <LI><a href="#[178]">touchgfx::LCD::DrawTextureMapScanLineBase::~DrawTextureMapScanLineBase__sub_object()</a> from lcd16bpp.o(.text._ZN8touchgfx3LCD26DrawTextureMapScanLineBaseD2Ev) referenced from lcd16bpp.o(.rodata._ZTVN8touchgfx8LCD16bpp51TextureMapper_ARGB8888_NonOpaque_NearestNeighbor_GAE)
 <LI><a href="#[178]">touchgfx::LCD::DrawTextureMapScanLineBase::~DrawTextureMapScanLineBase__sub_object()</a> from lcd16bpp.o(.text._ZN8touchgfx3LCD26DrawTextureMapScanLineBaseD2Ev) referenced from lcd16bpp.o(.rodata._ZTVN8touchgfx8LCD16bpp51TextureMapper_L8_RGB565_Opaque_NearestNeighbor_NoGAE)
 <LI><a href="#[178]">touchgfx::LCD::DrawTextureMapScanLineBase::~DrawTextureMapScanLineBase__sub_object()</a> from lcd16bpp.o(.text._ZN8touchgfx3LCD26DrawTextureMapScanLineBaseD2Ev) referenced from lcd16bpp.o(.rodata._ZTVN8touchgfx8LCD16bpp51TextureMapper_L8_RGB888_Opaque_NearestNeighbor_NoGAE)
 <LI><a href="#[178]">touchgfx::LCD::DrawTextureMapScanLineBase::~DrawTextureMapScanLineBase__sub_object()</a> from lcd16bpp.o(.text._ZN8touchgfx3LCD26DrawTextureMapScanLineBaseD2Ev) referenced from lcd16bpp.o(.rodata._ZTVN8touchgfx8LCD16bpp51TextureMapper_RGB565_NonOpaque_NearestNeighbor_NoGAE)
 <LI><a href="#[178]">touchgfx::LCD::DrawTextureMapScanLineBase::~DrawTextureMapScanLineBase__sub_object()</a> from lcd16bpp.o(.text._ZN8touchgfx3LCD26DrawTextureMapScanLineBaseD2Ev) referenced from lcd16bpp.o(.rodata._ZTVN8touchgfx8LCD16bpp52TextureMapper_RGB565_Opaque_BilinearInterpolation_GAE)
 <LI><a href="#[178]">touchgfx::LCD::DrawTextureMapScanLineBase::~DrawTextureMapScanLineBase__sub_object()</a> from lcd16bpp.o(.text._ZN8touchgfx3LCD26DrawTextureMapScanLineBaseD2Ev) referenced from lcd16bpp.o(.rodata._ZTVN8touchgfx8LCD16bpp53TextureMapper_ARGB8888_NonOpaque_NearestNeighbor_NoGAE)
 <LI><a href="#[178]">touchgfx::LCD::DrawTextureMapScanLineBase::~DrawTextureMapScanLineBase__sub_object()</a> from lcd16bpp.o(.text._ZN8touchgfx3LCD26DrawTextureMapScanLineBaseD2Ev) referenced from lcd16bpp.o(.rodata._ZTVN8touchgfx8LCD16bpp54TextureMapper_L8_ARGB8888_NonOpaque_NearestNeighbor_GAE)
 <LI><a href="#[178]">touchgfx::LCD::DrawTextureMapScanLineBase::~DrawTextureMapScanLineBase__sub_object()</a> from lcd16bpp.o(.text._ZN8touchgfx3LCD26DrawTextureMapScanLineBaseD2Ev) referenced from lcd16bpp.o(.rodata._ZTVN8touchgfx8LCD16bpp54TextureMapper_RGB565_Opaque_BilinearInterpolation_NoGAE)
 <LI><a href="#[178]">touchgfx::LCD::DrawTextureMapScanLineBase::~DrawTextureMapScanLineBase__sub_object()</a> from lcd16bpp.o(.text._ZN8touchgfx3LCD26DrawTextureMapScanLineBaseD2Ev) referenced from lcd16bpp.o(.rodata._ZTVN8touchgfx8LCD16bpp55TextureMapper_L8_RGB565_Opaque_BilinearInterpolation_GAE)
 <LI><a href="#[178]">touchgfx::LCD::DrawTextureMapScanLineBase::~DrawTextureMapScanLineBase__sub_object()</a> from lcd16bpp.o(.text._ZN8touchgfx3LCD26DrawTextureMapScanLineBaseD2Ev) referenced from lcd16bpp.o(.rodata._ZTVN8touchgfx8LCD16bpp55TextureMapper_L8_RGB888_Opaque_BilinearInterpolation_GAE)
 <LI><a href="#[178]">touchgfx::LCD::DrawTextureMapScanLineBase::~DrawTextureMapScanLineBase__sub_object()</a> from lcd16bpp.o(.text._ZN8touchgfx3LCD26DrawTextureMapScanLineBaseD2Ev) referenced from lcd16bpp.o(.rodata._ZTVN8touchgfx8LCD16bpp55TextureMapper_RGB565_NonOpaque_BilinearInterpolation_GAE)
 <LI><a href="#[178]">touchgfx::LCD::DrawTextureMapScanLineBase::~DrawTextureMapScanLineBase__sub_object()</a> from lcd16bpp.o(.text._ZN8touchgfx3LCD26DrawTextureMapScanLineBaseD2Ev) referenced from lcd16bpp.o(.rodata._ZTVN8touchgfx8LCD16bpp56TextureMapper_L8_ARGB8888_NonOpaque_NearestNeighbor_NoGAE)
 <LI><a href="#[178]">touchgfx::LCD::DrawTextureMapScanLineBase::~DrawTextureMapScanLineBase__sub_object()</a> from lcd16bpp.o(.text._ZN8touchgfx3LCD26DrawTextureMapScanLineBaseD2Ev) referenced from lcd16bpp.o(.rodata._ZTVN8touchgfx8LCD16bpp57TextureMapper_ARGB8888_NonOpaque_BilinearInterpolation_GAE)
 <LI><a href="#[178]">touchgfx::LCD::DrawTextureMapScanLineBase::~DrawTextureMapScanLineBase__sub_object()</a> from lcd16bpp.o(.text._ZN8touchgfx3LCD26DrawTextureMapScanLineBaseD2Ev) referenced from lcd16bpp.o(.rodata._ZTVN8touchgfx8LCD16bpp57TextureMapper_L8_RGB565_Opaque_BilinearInterpolation_NoGAE)
 <LI><a href="#[178]">touchgfx::LCD::DrawTextureMapScanLineBase::~DrawTextureMapScanLineBase__sub_object()</a> from lcd16bpp.o(.text._ZN8touchgfx3LCD26DrawTextureMapScanLineBaseD2Ev) referenced from lcd16bpp.o(.rodata._ZTVN8touchgfx8LCD16bpp57TextureMapper_L8_RGB888_Opaque_BilinearInterpolation_NoGAE)
 <LI><a href="#[178]">touchgfx::LCD::DrawTextureMapScanLineBase::~DrawTextureMapScanLineBase__sub_object()</a> from lcd16bpp.o(.text._ZN8touchgfx3LCD26DrawTextureMapScanLineBaseD2Ev) referenced from lcd16bpp.o(.rodata._ZTVN8touchgfx8LCD16bpp57TextureMapper_RGB565_NonOpaque_BilinearInterpolation_NoGAE)
 <LI><a href="#[178]">touchgfx::LCD::DrawTextureMapScanLineBase::~DrawTextureMapScanLineBase__sub_object()</a> from lcd16bpp.o(.text._ZN8touchgfx3LCD26DrawTextureMapScanLineBaseD2Ev) referenced from lcd16bpp.o(.rodata._ZTVN8touchgfx8LCD16bpp59TextureMapper_ARGB8888_NonOpaque_BilinearInterpolation_NoGAE)
 <LI><a href="#[178]">touchgfx::LCD::DrawTextureMapScanLineBase::~DrawTextureMapScanLineBase__sub_object()</a> from lcd16bpp.o(.text._ZN8touchgfx3LCD26DrawTextureMapScanLineBaseD2Ev) referenced from lcd16bpp.o(.rodata._ZTVN8touchgfx8LCD16bpp60TextureMapper_L8_ARGB8888_NonOpaque_BilinearInterpolation_GAE)
 <LI><a href="#[178]">touchgfx::LCD::DrawTextureMapScanLineBase::~DrawTextureMapScanLineBase__sub_object()</a> from lcd16bpp.o(.text._ZN8touchgfx3LCD26DrawTextureMapScanLineBaseD2Ev) referenced from lcd16bpp.o(.rodata._ZTVN8touchgfx8LCD16bpp62TextureMapper_L8_ARGB8888_NonOpaque_BilinearInterpolation_NoGAE)
 <LI><a href="#[1be]">touchgfx::LCD::supportDynamicBitmapDrawing(touchgfx::Bitmap::BitmapFormat)</a> from lcd16bpp.o(.text._ZN8touchgfx3LCD27supportDynamicBitmapDrawingENS_6Bitmap12BitmapFormatE) referenced from lcd16bpp.o(.rodata._ZTVN8touchgfx8LCD16bppE)
 <LI><a href="#[1b1]">touchgfx::LCD::~LCD__sub_object()</a> from lcd16bpp.o(.text._ZN8touchgfx3LCDD2Ev) referenced from lcd16bpp.o(.rodata._ZTVN8touchgfx8LCD16bppE)
 <LI><a href="#[126]">touchgfx::Font::~Font__sub_object()</a> from cachedfont.o(.text._ZN8touchgfx4FontD2Ev) referenced from generatedfont.o(.rodata._ZTVN8touchgfx13GeneratedFontE)
 <LI><a href="#[126]">touchgfx::Font::~Font__sub_object()</a> from cachedfont.o(.text._ZN8touchgfx4FontD2Ev) referenced from constfont.o(.rodata._ZTVN8touchgfx9ConstFontE)
 <LI><a href="#[fb]">touchgfx::Event::~Event__sub_object()</a> from screen.o(.text._ZN8touchgfx5EventD2Ev) referenced from screen.o(.rodata._ZTVN8touchgfx10ClickEventE)
 <LI><a href="#[fb]">touchgfx::Event::~Event__sub_object()</a> from screen.o(.text._ZN8touchgfx5EventD2Ev) referenced from screen.o(.rodata._ZTVN8touchgfx12GestureEventE)
 <LI><a href="#[fb]">touchgfx::Event::~Event__sub_object()</a> from screen.o(.text._ZN8touchgfx5EventD2Ev) referenced from screen.o(.rodata._ZTVN8touchgfx9DragEventE)
 <LI><a href="#[152]">touchgfx::NoDMA::getBlitCaps()</a> from touchgfxconfiguration.o(.text._ZN8touchgfx5NoDMA11getBlitCapsEv) referenced from touchgfxconfiguration.o(.rodata._ZTVN8touchgfx5NoDMAE)
 <LI><a href="#[15e]">touchgfx::NoDMA::setupDataCopy(touchgfx::BlitOp const&)</a> from touchgfxconfiguration.o(.text._ZN8touchgfx5NoDMA13setupDataCopyERKNS_6BlitOpE) referenced from touchgfxconfiguration.o(.rodata._ZTVN8touchgfx5NoDMAE)
 <LI><a href="#[15f]">touchgfx::NoDMA::setupDataFill(touchgfx::BlitOp const&)</a> from touchgfxconfiguration.o(.text._ZN8touchgfx5NoDMA13setupDataFillERKNS_6BlitOpE) referenced from touchgfxconfiguration.o(.rodata._ZTVN8touchgfx5NoDMAE)
 <LI><a href="#[157]">touchgfx::NoDMA::signalDMAInterrupt()</a> from touchgfxconfiguration.o(.text._ZN8touchgfx5NoDMA18signalDMAInterruptEv) referenced from touchgfxconfiguration.o(.rodata._ZTVN8touchgfx5NoDMAE)
 <LI><a href="#[154]">touchgfx::NoDMA::flush()</a> from touchgfxconfiguration.o(.text._ZN8touchgfx5NoDMA5flushEv) referenced from touchgfxconfiguration.o(.rodata._ZTVN8touchgfx5NoDMAE)
 <LI><a href="#[15a]">touchgfx::NoDMA::~NoDMA__deallocating()</a> from touchgfxconfiguration.o(.text._ZN8touchgfx5NoDMAD0Ev) referenced from touchgfxconfiguration.o(.rodata._ZTVN8touchgfx5NoDMAE)
 <LI><a href="#[159]">touchgfx::NoDMA::~NoDMA__sub_object()</a> from touchgfxconfiguration.o(.text._ZN8touchgfx5NoDMAD2Ev) referenced from touchgfxconfiguration.o(.rodata._ZTVN8touchgfx5NoDMAE)
 <LI><a href="#[166]">touchgfx::Screen::setupScreen()</a> from screen.o(.text._ZN8touchgfx6Screen11setupScreenEv) referenced from screen.o(.rodata._ZTVN8touchgfx6ScreenE)
 <LI><a href="#[9f]">touchgfx::Screen::handleKeyEvent(unsigned char)</a> from screen1view.o(.text._ZN8touchgfx6Screen14handleKeyEventEh) referenced from screen1view.o(.rodata._ZTV11Screen1View)
 <LI><a href="#[9f]">touchgfx::Screen::handleKeyEvent(unsigned char)</a> from screen1view.o(.text._ZN8touchgfx6Screen14handleKeyEventEh) referenced from screen1viewbase.o(.rodata._ZTV15Screen1ViewBase)
 <LI><a href="#[9f]">touchgfx::Screen::handleKeyEvent(unsigned char)</a> from screen1view.o(.text._ZN8touchgfx6Screen14handleKeyEventEh) referenced from screen.o(.rodata._ZTVN8touchgfx6ScreenE)
 <LI><a href="#[d8]">touchgfx::Screen::tearDownScreen()</a> from screen1viewbase.o(.text._ZN8touchgfx6Screen14tearDownScreenEv) referenced from screen1viewbase.o(.rodata._ZTV15Screen1ViewBase)
 <LI><a href="#[d8]">touchgfx::Screen::tearDownScreen()</a> from screen1viewbase.o(.text._ZN8touchgfx6Screen14tearDownScreenEv) referenced from screen.o(.rodata._ZTVN8touchgfx6ScreenE)
 <LI><a href="#[99]">touchgfx::Screen::afterTransition()</a> from screen1view.o(.text._ZN8touchgfx6Screen15afterTransitionEv) referenced from screen1view.o(.rodata._ZTV11Screen1View)
 <LI><a href="#[99]">touchgfx::Screen::afterTransition()</a> from screen1view.o(.text._ZN8touchgfx6Screen15afterTransitionEv) referenced from screen1viewbase.o(.rodata._ZTV15Screen1ViewBase)
 <LI><a href="#[99]">touchgfx::Screen::afterTransition()</a> from screen1view.o(.text._ZN8touchgfx6Screen15afterTransitionEv) referenced from screen.o(.rodata._ZTVN8touchgfx6ScreenE)
 <LI><a href="#[9c]">touchgfx::Screen::handleDragEvent(touchgfx::DragEvent const&)</a> from screen.o(.text._ZN8touchgfx6Screen15handleDragEventERKNS_9DragEventE) referenced from screen1view.o(.rodata._ZTV11Screen1View)
 <LI><a href="#[9c]">touchgfx::Screen::handleDragEvent(touchgfx::DragEvent const&)</a> from screen.o(.text._ZN8touchgfx6Screen15handleDragEventERKNS_9DragEventE) referenced from screen1viewbase.o(.rodata._ZTV15Screen1ViewBase)
 <LI><a href="#[9c]">touchgfx::Screen::handleDragEvent(touchgfx::DragEvent const&)</a> from screen.o(.text._ZN8touchgfx6Screen15handleDragEventERKNS_9DragEventE) referenced from screen.o(.rodata._ZTVN8touchgfx6ScreenE)
 <LI><a href="#[9e]">touchgfx::Screen::handleTickEvent()</a> from screen1view.o(.text._ZN8touchgfx6Screen15handleTickEventEv) referenced from screen1view.o(.rodata._ZTV11Screen1View)
 <LI><a href="#[9e]">touchgfx::Screen::handleTickEvent()</a> from screen1view.o(.text._ZN8touchgfx6Screen15handleTickEventEv) referenced from screen1viewbase.o(.rodata._ZTV15Screen1ViewBase)
 <LI><a href="#[9e]">touchgfx::Screen::handleTickEvent()</a> from screen1view.o(.text._ZN8touchgfx6Screen15handleTickEventEv) referenced from screen.o(.rodata._ZTVN8touchgfx6ScreenE)
 <LI><a href="#[9b]">touchgfx::Screen::handleClickEvent(touchgfx::ClickEvent const&)</a> from screen.o(.text._ZN8touchgfx6Screen16handleClickEventERKNS_10ClickEventE) referenced from screen1view.o(.rodata._ZTV11Screen1View)
 <LI><a href="#[9b]">touchgfx::Screen::handleClickEvent(touchgfx::ClickEvent const&)</a> from screen.o(.text._ZN8touchgfx6Screen16handleClickEventERKNS_10ClickEventE) referenced from screen1viewbase.o(.rodata._ZTV15Screen1ViewBase)
 <LI><a href="#[9b]">touchgfx::Screen::handleClickEvent(touchgfx::ClickEvent const&)</a> from screen.o(.text._ZN8touchgfx6Screen16handleClickEventERKNS_10ClickEventE) referenced from screen.o(.rodata._ZTVN8touchgfx6ScreenE)
 <LI><a href="#[9d]">touchgfx::Screen::handleGestureEvent(touchgfx::GestureEvent const&)</a> from screen.o(.text._ZN8touchgfx6Screen18handleGestureEventERKNS_12GestureEventE) referenced from screen1view.o(.rodata._ZTV11Screen1View)
 <LI><a href="#[9d]">touchgfx::Screen::handleGestureEvent(touchgfx::GestureEvent const&)</a> from screen.o(.text._ZN8touchgfx6Screen18handleGestureEventERKNS_12GestureEventE) referenced from screen1viewbase.o(.rodata._ZTV15Screen1ViewBase)
 <LI><a href="#[9d]">touchgfx::Screen::handleGestureEvent(touchgfx::GestureEvent const&)</a> from screen.o(.text._ZN8touchgfx6Screen18handleGestureEventERKNS_12GestureEventE) referenced from screen.o(.rodata._ZTVN8touchgfx6ScreenE)
 <LI><a href="#[97]">touchgfx::Screen::draw(touchgfx::Rect&)</a> from screen.o(.text._ZN8touchgfx6Screen4drawERNS_4RectE) referenced from screen1view.o(.rodata._ZTV11Screen1View)
 <LI><a href="#[97]">touchgfx::Screen::draw(touchgfx::Rect&)</a> from screen.o(.text._ZN8touchgfx6Screen4drawERNS_4RectE) referenced from screen1viewbase.o(.rodata._ZTV15Screen1ViewBase)
 <LI><a href="#[97]">touchgfx::Screen::draw(touchgfx::Rect&)</a> from screen.o(.text._ZN8touchgfx6Screen4drawERNS_4RectE) referenced from screen.o(.rodata._ZTVN8touchgfx6ScreenE)
 <LI><a href="#[165]">touchgfx::Screen::~Screen__deallocating()</a> from screen.o(.text._ZN8touchgfx6ScreenD0Ev) referenced from screen.o(.rodata._ZTVN8touchgfx6ScreenE)
 <LI><a href="#[164]">touchgfx::Screen::~Screen__sub_object()</a> from screen.o(.text._ZN8touchgfx6ScreenD2Ev) referenced from screen.o(.rodata._ZTVN8touchgfx6ScreenE)
 <LI><a href="#[114]">touchgfx::Widget::getLastChild(short, short, touchgfx::Drawable**)</a> from box.o(.text._ZN8touchgfx6Widget12getLastChildEssPPNS_8DrawableE) referenced from togglebutton.o(.rodata._ZTVN8touchgfx12ToggleButtonE)
[...]
</UL>
<BR>[Called By]<UL><LI><a href="#[24f]">&gt;&gt;</a>&nbsp;&nbsp;&nbsp;_fp_digits
</UL>

<P><STRONG><a name="[3cb]"></a>_d2e_denorm_low</STRONG> (Thumb, 70 bytes, Stack size 0 bytes, btod.o(CL$$btod_d2e_denorm_low))
<BR><BR>[Called By]<UL><LI><a href="#[3ca]">&gt;&gt;</a>&nbsp;&nbsp;&nbsp;_d2e_norm_op1
</UL>

<P><STRONG><a name="[3ca]"></a>_d2e_norm_op1</STRONG> (Thumb, 96 bytes, Stack size 0 bytes, btod.o(CL$$btod_d2e_norm_op1))
<BR><BR>[Calls]<UL><LI><a href="#[3cb]">&gt;&gt;</a>&nbsp;&nbsp;&nbsp;_d2e_denorm_low
</UL>
<BR>[Called By]<UL><LI><a href="#[251]">&gt;&gt;</a>&nbsp;&nbsp;&nbsp;_btod_d2e
</UL>

<P><STRONG><a name="[3cc]"></a>__btod_div_common</STRONG> (Thumb, 696 bytes, Stack size 24 bytes, btod.o(CL$$btod_div_common))
<BR><BR>[Stack]<UL><LI>Max Depth = 24<LI>Call Chain = __btod_div_common
</UL>
<BR>[Called By]<UL><LI><a href="#[252]">&gt;&gt;</a>&nbsp;&nbsp;&nbsp;_btod_ediv
</UL>

<P><STRONG><a name="[3cd]"></a>_e2e</STRONG> (Thumb, 220 bytes, Stack size 24 bytes, btod.o(CL$$btod_e2e))
<BR><BR>[Stack]<UL><LI>Max Depth = 24<LI>Call Chain = _e2e
</UL>
<BR>[Called By]<UL><LI><a href="#[253]">&gt;&gt;</a>&nbsp;&nbsp;&nbsp;_btod_emul
<LI><a href="#[252]">&gt;&gt;</a>&nbsp;&nbsp;&nbsp;_btod_ediv
</UL>

<P><STRONG><a name="[252]"></a>_btod_ediv</STRONG> (Thumb, 42 bytes, Stack size 28 bytes, btod.o(CL$$btod_ediv))
<BR><BR>[Stack]<UL><LI>Max Depth = 52<LI>Call Chain = _btod_ediv &rArr; _e2e
</UL>
<BR>[Calls]<UL><LI><a href="#[3cd]">&gt;&gt;</a>&nbsp;&nbsp;&nbsp;_e2e
<LI><a href="#[3cc]">&gt;&gt;</a>&nbsp;&nbsp;&nbsp;__btod_div_common
</UL>
<BR>[Called By]<UL><LI><a href="#[250]">&gt;&gt;</a>&nbsp;&nbsp;&nbsp;_btod_etento
<LI><a href="#[24f]">&gt;&gt;</a>&nbsp;&nbsp;&nbsp;_fp_digits
</UL>

<P><STRONG><a name="[253]"></a>_btod_emul</STRONG> (Thumb, 42 bytes, Stack size 28 bytes, btod.o(CL$$btod_emul))
<BR><BR>[Stack]<UL><LI>Max Depth = 52<LI>Call Chain = _btod_emul &rArr; _e2e
</UL>
<BR>[Calls]<UL><LI><a href="#[3ce]">&gt;&gt;</a>&nbsp;&nbsp;&nbsp;__btod_mult_common
<LI><a href="#[3cd]">&gt;&gt;</a>&nbsp;&nbsp;&nbsp;_e2e
</UL>
<BR>[Called By]<UL><LI><a href="#[250]">&gt;&gt;</a>&nbsp;&nbsp;&nbsp;_btod_etento
<LI><a href="#[24f]">&gt;&gt;</a>&nbsp;&nbsp;&nbsp;_fp_digits
</UL>

<P><STRONG><a name="[3ce]"></a>__btod_mult_common</STRONG> (Thumb, 580 bytes, Stack size 16 bytes, btod.o(CL$$btod_mult_common))
<BR><BR>[Stack]<UL><LI>Max Depth = 16<LI>Call Chain = __btod_mult_common
</UL>
<BR>[Called By]<UL><LI><a href="#[253]">&gt;&gt;</a>&nbsp;&nbsp;&nbsp;_btod_emul
</UL>

<P><STRONG><a name="[255]"></a>__ARM_fpclassify</STRONG> (Thumb, 48 bytes, Stack size 8 bytes, fpclassify.o(i.__ARM_fpclassify))
<BR><BR>[Stack]<UL><LI>Max Depth = 8<LI>Call Chain = __ARM_fpclassify
</UL>
<BR>[Called By]<UL><LI><a href="#[257]">&gt;&gt;</a>&nbsp;&nbsp;&nbsp;_printf_fp_hex_real
<LI><a href="#[254]">&gt;&gt;</a>&nbsp;&nbsp;&nbsp;_printf_fp_dec_real
</UL>

<P><STRONG><a name="[246]"></a>_is_digit</STRONG> (Thumb, 14 bytes, Stack size 0 bytes, __printf_wp.o(i._is_digit))
<BR><BR>[Called By]<UL><LI><a href="#[240]">&gt;&gt;</a>&nbsp;&nbsp;&nbsp;__printf
</UL>

<P><STRONG><a name="[21b]"></a>_get_lc_numeric</STRONG> (Thumb, 44 bytes, Stack size 8 bytes, lc_numeric_c.o(locale$$code))
<BR><BR>[Stack]<UL><LI>Max Depth = 16<LI>Call Chain = _get_lc_numeric &rArr; strcmp
</UL>
<BR>[Calls]<UL><LI><a href="#[3cf]">&gt;&gt;</a>&nbsp;&nbsp;&nbsp;strcmp
</UL>
<BR>[Called By]<UL><LI><a href="#[21a]">&gt;&gt;</a>&nbsp;&nbsp;&nbsp;__rt_lib_init_lc_numeric_2
</UL>

<P><STRONG><a name="[88]"></a>_get_lc_ctype</STRONG> (Thumb, 44 bytes, Stack size 8 bytes, lc_ctype_c.o(locale$$code))
<BR><BR>[Stack]<UL><LI>Max Depth = 16<LI>Call Chain = _get_lc_ctype &rArr; strcmp
</UL>
<BR>[Calls]<UL><LI><a href="#[3cf]">&gt;&gt;</a>&nbsp;&nbsp;&nbsp;strcmp
</UL>
<BR>[Called By]<UL><LI><a href="#[219]">&gt;&gt;</a>&nbsp;&nbsp;&nbsp;__rt_lib_init_lc_ctype_2
</UL>
<BR>[Address Reference Count : 1]<UL><LI> rt_ctype_table.o(.text)
</UL>
<P><STRONG><a name="[214]"></a>_fp_init</STRONG> (Thumb, 26 bytes, Stack size 0 bytes, fpinit.o(x$fpl$fpinit))
<BR><BR>[Called By]<UL><LI><a href="#[213]">&gt;&gt;</a>&nbsp;&nbsp;&nbsp;__rt_lib_init_fp_1
</UL>

<P><STRONG><a name="[41d]"></a>__fplib_config_fpu_vfp</STRONG> (Thumb, 0 bytes, Stack size unknown bytes, fpinit.o(x$fpl$fpinit), UNUSED)

<P><STRONG><a name="[41e]"></a>__fplib_config_pureend_doubles</STRONG> (Thumb, 0 bytes, Stack size unknown bytes, fpinit.o(x$fpl$fpinit), UNUSED)

<P><STRONG><a name="[1f6]"></a>_printf_fp_dec</STRONG> (Thumb, 4 bytes, Stack size 0 bytes, printf1.o(x$fpl$printf1))
<BR><BR>[Stack]<UL><LI>Max Depth = 324<LI>Call Chain = _printf_fp_dec &rArr; _printf_fp_dec_real &rArr; _fp_digits &rArr; _btod_etento &rArr; _btod_emul &rArr; _e2e
</UL>
<BR>[Calls]<UL><LI><a href="#[254]">&gt;&gt;</a>&nbsp;&nbsp;&nbsp;_printf_fp_dec_real
</UL>
<BR>[Called By]<UL><LI><a href="#[1f8]">&gt;&gt;</a>&nbsp;&nbsp;&nbsp;_printf_g
<LI><a href="#[1f7]">&gt;&gt;</a>&nbsp;&nbsp;&nbsp;_printf_e
<LI><a href="#[1f5]">&gt;&gt;</a>&nbsp;&nbsp;&nbsp;_printf_f
</UL>

<P><STRONG><a name="[1fa]"></a>_printf_fp_hex</STRONG> (Thumb, 4 bytes, Stack size 0 bytes, printf2.o(x$fpl$printf2))
<BR><BR>[Stack]<UL><LI>Max Depth = 112<LI>Call Chain = _printf_fp_hex &rArr; _printf_fp_hex_real &rArr; _printf_fp_infnan &rArr; _printf_post_padding
</UL>
<BR>[Calls]<UL><LI><a href="#[257]">&gt;&gt;</a>&nbsp;&nbsp;&nbsp;_printf_fp_hex_real
</UL>
<BR>[Called By]<UL><LI><a href="#[1f9]">&gt;&gt;</a>&nbsp;&nbsp;&nbsp;_printf_a
</UL>
<P>
<H3>
Local Symbols
</H3>
<P><STRONG><a name="[276]"></a>I2C_IsErrorOccurred</STRONG> (Thumb, 352 bytes, Stack size 16 bytes, stm32u5xx_hal_i2c.o(.text.I2C_IsErrorOccurred))
<BR><BR>[Stack]<UL><LI>Max Depth = 16<LI>Call Chain = I2C_IsErrorOccurred
</UL>
<BR>[Calls]<UL><LI><a href="#[270]">&gt;&gt;</a>&nbsp;&nbsp;&nbsp;HAL_GetTick
</UL>
<BR>[Called By]<UL><LI><a href="#[275]">&gt;&gt;</a>&nbsp;&nbsp;&nbsp;HAL_I2C_Master_Transmit
<LI><a href="#[279]">&gt;&gt;</a>&nbsp;&nbsp;&nbsp;I2C_WaitOnSTOPFlagUntilTimeout
<LI><a href="#[278]">&gt;&gt;</a>&nbsp;&nbsp;&nbsp;I2C_WaitOnFlagUntilTimeout
<LI><a href="#[277]">&gt;&gt;</a>&nbsp;&nbsp;&nbsp;I2C_WaitOnTXISFlagUntilTimeout
</UL>

<P><STRONG><a name="[277]"></a>I2C_WaitOnTXISFlagUntilTimeout</STRONG> (Thumb, 166 bytes, Stack size 16 bytes, stm32u5xx_hal_i2c.o(.text.I2C_WaitOnTXISFlagUntilTimeout))
<BR><BR>[Stack]<UL><LI>Max Depth = 32<LI>Call Chain = I2C_WaitOnTXISFlagUntilTimeout &rArr; I2C_IsErrorOccurred
</UL>
<BR>[Calls]<UL><LI><a href="#[276]">&gt;&gt;</a>&nbsp;&nbsp;&nbsp;I2C_IsErrorOccurred
<LI><a href="#[270]">&gt;&gt;</a>&nbsp;&nbsp;&nbsp;HAL_GetTick
</UL>
<BR>[Called By]<UL><LI><a href="#[275]">&gt;&gt;</a>&nbsp;&nbsp;&nbsp;HAL_I2C_Master_Transmit
</UL>

<P><STRONG><a name="[278]"></a>I2C_WaitOnFlagUntilTimeout</STRONG> (Thumb, 248 bytes, Stack size 24 bytes, stm32u5xx_hal_i2c.o(.text.I2C_WaitOnFlagUntilTimeout))
<BR><BR>[Stack]<UL><LI>Max Depth = 40<LI>Call Chain = I2C_WaitOnFlagUntilTimeout &rArr; I2C_IsErrorOccurred
</UL>
<BR>[Calls]<UL><LI><a href="#[276]">&gt;&gt;</a>&nbsp;&nbsp;&nbsp;I2C_IsErrorOccurred
<LI><a href="#[270]">&gt;&gt;</a>&nbsp;&nbsp;&nbsp;HAL_GetTick
</UL>
<BR>[Called By]<UL><LI><a href="#[275]">&gt;&gt;</a>&nbsp;&nbsp;&nbsp;HAL_I2C_Master_Transmit
</UL>

<P><STRONG><a name="[279]"></a>I2C_WaitOnSTOPFlagUntilTimeout</STRONG> (Thumb, 124 bytes, Stack size 16 bytes, stm32u5xx_hal_i2c.o(.text.I2C_WaitOnSTOPFlagUntilTimeout))
<BR><BR>[Stack]<UL><LI>Max Depth = 32<LI>Call Chain = I2C_WaitOnSTOPFlagUntilTimeout &rArr; I2C_IsErrorOccurred
</UL>
<BR>[Calls]<UL><LI><a href="#[276]">&gt;&gt;</a>&nbsp;&nbsp;&nbsp;I2C_IsErrorOccurred
<LI><a href="#[270]">&gt;&gt;</a>&nbsp;&nbsp;&nbsp;HAL_GetTick
</UL>
<BR>[Called By]<UL><LI><a href="#[275]">&gt;&gt;</a>&nbsp;&nbsp;&nbsp;HAL_I2C_Master_Transmit
</UL>

<P><STRONG><a name="[28f]"></a>RCCEx_PLL2_Config</STRONG> (Thumb, 242 bytes, Stack size 16 bytes, stm32u5xx_hal_rcc_ex.o(.text.RCCEx_PLL2_Config))
<BR><BR>[Stack]<UL><LI>Max Depth = 16<LI>Call Chain = RCCEx_PLL2_Config
</UL>
<BR>[Calls]<UL><LI><a href="#[270]">&gt;&gt;</a>&nbsp;&nbsp;&nbsp;HAL_GetTick
</UL>
<BR>[Called By]<UL><LI><a href="#[267]">&gt;&gt;</a>&nbsp;&nbsp;&nbsp;HAL_RCCEx_PeriphCLKConfig
</UL>

<P><STRONG><a name="[290]"></a>RCCEx_PLL3_Config</STRONG> (Thumb, 242 bytes, Stack size 16 bytes, stm32u5xx_hal_rcc_ex.o(.text.RCCEx_PLL3_Config))
<BR><BR>[Stack]<UL><LI>Max Depth = 16<LI>Call Chain = RCCEx_PLL3_Config
</UL>
<BR>[Calls]<UL><LI><a href="#[270]">&gt;&gt;</a>&nbsp;&nbsp;&nbsp;HAL_GetTick
</UL>
<BR>[Called By]<UL><LI><a href="#[267]">&gt;&gt;</a>&nbsp;&nbsp;&nbsp;HAL_RCCEx_PeriphCLKConfig
</UL>

<P><STRONG><a name="[29e]"></a>SPI_CloseTransfer</STRONG> (Thumb, 208 bytes, Stack size 0 bytes, stm32u5xx_hal_spi.o(.text.SPI_CloseTransfer))
<BR><BR>[Called By]<UL><LI><a href="#[29c]">&gt;&gt;</a>&nbsp;&nbsp;&nbsp;HAL_SPI_IRQHandler
<LI><a href="#[2a7]">&gt;&gt;</a>&nbsp;&nbsp;&nbsp;HAL_SPI_Transmit
<LI><a href="#[8c]">&gt;&gt;</a>&nbsp;&nbsp;&nbsp;SPI_DMAError
</UL>

<P><STRONG><a name="[8a]"></a>SPI_DMATransmitCplt</STRONG> (Thumb, 38 bytes, Stack size 0 bytes, stm32u5xx_hal_spi.o(.text.SPI_DMATransmitCplt))
<BR><BR>[Stack]<UL><LI>Max Depth = 40<LI>Call Chain = SPI_DMATransmitCplt &rArr; HAL_SPI_TxCpltCallback &rArr; HAL_SPI_Transmit_DMA &rArr; HAL_DMAEx_List_Start_IT
</UL>
<BR>[Calls]<UL><LI><a href="#[2a2]">&gt;&gt;</a>&nbsp;&nbsp;&nbsp;HAL_SPI_TxCpltCallback
</UL>
<BR>[Address Reference Count : 1]<UL><LI> stm32u5xx_hal_spi.o(.text.HAL_SPI_Transmit_DMA)
</UL>
<P><STRONG><a name="[8b]"></a>SPI_DMAHalfTransmitCplt</STRONG> (Thumb, 6 bytes, Stack size 0 bytes, stm32u5xx_hal_spi.o(.text.SPI_DMAHalfTransmitCplt))
<BR><BR>[Calls]<UL><LI><a href="#[2f7]">&gt;&gt;</a>&nbsp;&nbsp;&nbsp;HAL_SPI_TxHalfCpltCallback
</UL>
<BR>[Address Reference Count : 1]<UL><LI> stm32u5xx_hal_spi.o(.text.HAL_SPI_Transmit_DMA)
</UL>
<P><STRONG><a name="[8c]"></a>SPI_DMAError</STRONG> (Thumb, 48 bytes, Stack size 8 bytes, stm32u5xx_hal_spi.o(.text.SPI_DMAError))
<BR><BR>[Stack]<UL><LI>Max Depth = 8<LI>Call Chain = SPI_DMAError
</UL>
<BR>[Calls]<UL><LI><a href="#[2f6]">&gt;&gt;</a>&nbsp;&nbsp;&nbsp;HAL_DMA_GetError
<LI><a href="#[29f]">&gt;&gt;</a>&nbsp;&nbsp;&nbsp;HAL_SPI_ErrorCallback
<LI><a href="#[29e]">&gt;&gt;</a>&nbsp;&nbsp;&nbsp;SPI_CloseTransfer
</UL>
<BR>[Address Reference Count : 1]<UL><LI> stm32u5xx_hal_spi.o(.text.HAL_SPI_Transmit_DMA)
</UL>
<P><STRONG><a name="[89]"></a>SPI_DMAAbortOnError</STRONG> (Thumb, 22 bytes, Stack size 0 bytes, stm32u5xx_hal_spi.o(.text.SPI_DMAAbortOnError))
<BR><BR>[Calls]<UL><LI><a href="#[29f]">&gt;&gt;</a>&nbsp;&nbsp;&nbsp;HAL_SPI_ErrorCallback
</UL>
<BR>[Address Reference Count : 1]<UL><LI> stm32u5xx_hal_spi.o(.text.HAL_SPI_IRQHandler)
</UL>
<P><STRONG><a name="[2bc]"></a>TIM_OC1_SetConfig</STRONG> (Thumb, 360 bytes, Stack size 20 bytes, stm32u5xx_hal_tim.o(.text.TIM_OC1_SetConfig))
<BR><BR>[Stack]<UL><LI>Max Depth = 20<LI>Call Chain = TIM_OC1_SetConfig
</UL>
<BR>[Called By]<UL><LI><a href="#[2bb]">&gt;&gt;</a>&nbsp;&nbsp;&nbsp;HAL_TIM_PWM_ConfigChannel
</UL>

<P><STRONG><a name="[2be]"></a>TIM_OC3_SetConfig</STRONG> (Thumb, 298 bytes, Stack size 16 bytes, stm32u5xx_hal_tim.o(.text.TIM_OC3_SetConfig))
<BR><BR>[Stack]<UL><LI>Max Depth = 16<LI>Call Chain = TIM_OC3_SetConfig
</UL>
<BR>[Called By]<UL><LI><a href="#[2bb]">&gt;&gt;</a>&nbsp;&nbsp;&nbsp;HAL_TIM_PWM_ConfigChannel
</UL>

<P><STRONG><a name="[2bf]"></a>TIM_OC4_SetConfig</STRONG> (Thumb, 298 bytes, Stack size 16 bytes, stm32u5xx_hal_tim.o(.text.TIM_OC4_SetConfig))
<BR><BR>[Stack]<UL><LI>Max Depth = 16<LI>Call Chain = TIM_OC4_SetConfig
</UL>
<BR>[Called By]<UL><LI><a href="#[2bb]">&gt;&gt;</a>&nbsp;&nbsp;&nbsp;HAL_TIM_PWM_ConfigChannel
</UL>

<P><STRONG><a name="[8d]"></a>UART_DMAAbortOnError</STRONG> (Thumb, 16 bytes, Stack size 0 bytes, stm32u5xx_hal_uart.o(.text.UART_DMAAbortOnError))
<BR><BR>[Calls]<UL><LI><a href="#[2c8]">&gt;&gt;</a>&nbsp;&nbsp;&nbsp;HAL_UART_ErrorCallback
</UL>
<BR>[Address Reference Count : 1]<UL><LI> stm32u5xx_hal_uart.o(.text.HAL_UART_IRQHandler)
</UL>
<P><STRONG><a name="[1ea]"></a>_GLOBAL__sub_I_TouchGFXConfiguration.cpp</STRONG> (Thumb, 264 bytes, Stack size 24 bytes, touchgfxconfiguration.o(.text._GLOBAL__sub_I_TouchGFXConfiguration.cpp))
<BR><BR>[Stack]<UL><LI>Max Depth = 32 + Unknown Stack Size
<LI>Call Chain = _GLOBAL__sub_I_TouchGFXConfiguration.cpp &rArr; touchgfx::LCD16bpp::LCD16bpp()
</UL>
<BR>[Calls]<UL><LI><a href="#[302]">&gt;&gt;</a>&nbsp;&nbsp;&nbsp;touchgfx::LCD16bpp::LCD16bpp()
<LI><a href="#[301]">&gt;&gt;</a>&nbsp;&nbsp;&nbsp;touchgfx::LockFreeDMA_Queue::LockFreeDMA_Queue(touchgfx::BlitOp*, unsigned long)
</UL>
<BR>[Address Reference Count : 1]<UL><LI> touchgfxconfiguration.o(.init_array)
</UL>
<P><STRONG><a name="[3b2]"></a>prvUnlockQueue</STRONG> (Thumb, 116 bytes, Stack size 24 bytes, queue.o(.text.prvUnlockQueue))
<BR><BR>[Stack]<UL><LI>Max Depth = 40<LI>Call Chain = prvUnlockQueue &rArr; xTaskRemoveFromEventList
</UL>
<BR>[Calls]<UL><LI><a href="#[3a6]">&gt;&gt;</a>&nbsp;&nbsp;&nbsp;vPortExitCritical
<LI><a href="#[3a4]">&gt;&gt;</a>&nbsp;&nbsp;&nbsp;vPortEnterCritical
<LI><a href="#[3b4]">&gt;&gt;</a>&nbsp;&nbsp;&nbsp;vTaskMissedYield
<LI><a href="#[3b3]">&gt;&gt;</a>&nbsp;&nbsp;&nbsp;xTaskRemoveFromEventList
</UL>
<BR>[Called By]<UL><LI><a href="#[3b0]">&gt;&gt;</a>&nbsp;&nbsp;&nbsp;vQueueWaitForMessageRestricted
<LI><a href="#[3b1]">&gt;&gt;</a>&nbsp;&nbsp;&nbsp;xQueueReceive
</UL>

<P><STRONG><a name="[3aa]"></a>prvInitialiseNewTask</STRONG> (Thumb, 282 bytes, Stack size 32 bytes, tasks.o(.text.prvInitialiseNewTask))
<BR><BR>[Stack]<UL><LI>Max Depth = 48<LI>Call Chain = prvInitialiseNewTask &rArr; pxPortInitialiseStack
</UL>
<BR>[Calls]<UL><LI><a href="#[3ab]">&gt;&gt;</a>&nbsp;&nbsp;&nbsp;vListInitialiseItem
<LI><a href="#[3a9]">&gt;&gt;</a>&nbsp;&nbsp;&nbsp;ulSetInterruptMask
<LI><a href="#[3ac]">&gt;&gt;</a>&nbsp;&nbsp;&nbsp;pxPortInitialiseStack
<LI><a href="#[233]">&gt;&gt;</a>&nbsp;&nbsp;&nbsp;__aeabi_memset4
</UL>
<BR>[Called By]<UL><LI><a href="#[39d]">&gt;&gt;</a>&nbsp;&nbsp;&nbsp;vTaskStartScheduler
<LI><a href="#[39f]">&gt;&gt;</a>&nbsp;&nbsp;&nbsp;xTaskCreate
<LI><a href="#[39e]">&gt;&gt;</a>&nbsp;&nbsp;&nbsp;xTaskCreateStatic
</UL>

<P><STRONG><a name="[3a3]"></a>prvAddNewTaskToReadyList</STRONG> (Thumb, 678 bytes, Stack size 32 bytes, tasks.o(.text.prvAddNewTaskToReadyList))
<BR><BR>[Stack]<UL><LI>Max Depth = 40<LI>Call Chain = prvAddNewTaskToReadyList &rArr; vPortExitCritical
</UL>
<BR>[Calls]<UL><LI><a href="#[3a6]">&gt;&gt;</a>&nbsp;&nbsp;&nbsp;vPortExitCritical
<LI><a href="#[3a4]">&gt;&gt;</a>&nbsp;&nbsp;&nbsp;vPortEnterCritical
<LI><a href="#[3a7]">&gt;&gt;</a>&nbsp;&nbsp;&nbsp;vPortYield
<LI><a href="#[3a5]">&gt;&gt;</a>&nbsp;&nbsp;&nbsp;vListInitialise
</UL>
<BR>[Called By]<UL><LI><a href="#[39d]">&gt;&gt;</a>&nbsp;&nbsp;&nbsp;vTaskStartScheduler
<LI><a href="#[39f]">&gt;&gt;</a>&nbsp;&nbsp;&nbsp;xTaskCreate
<LI><a href="#[39e]">&gt;&gt;</a>&nbsp;&nbsp;&nbsp;xTaskCreateStatic
</UL>

<P><STRONG><a name="[3a0]"></a>prvAddCurrentTaskToDelayedList</STRONG> (Thumb, 134 bytes, Stack size 24 bytes, tasks.o(.text.prvAddCurrentTaskToDelayedList))
<BR><BR>[Stack]<UL><LI>Max Depth = 32<LI>Call Chain = prvAddCurrentTaskToDelayedList &rArr; vListInsert
</UL>
<BR>[Calls]<UL><LI><a href="#[3a2]">&gt;&gt;</a>&nbsp;&nbsp;&nbsp;vListInsert
<LI><a href="#[3a1]">&gt;&gt;</a>&nbsp;&nbsp;&nbsp;uxListRemove
</UL>
<BR>[Called By]<UL><LI><a href="#[3be]">&gt;&gt;</a>&nbsp;&nbsp;&nbsp;vTaskPlaceOnEventListRestricted
<LI><a href="#[3bf]">&gt;&gt;</a>&nbsp;&nbsp;&nbsp;vTaskPlaceOnEventList
</UL>

<P><STRONG><a name="[93]"></a>prvIdleTask</STRONG> (Thumb, 102 bytes, Stack size 0 bytes, tasks.o(.text.prvIdleTask))
<BR><BR>[Stack]<UL><LI>Max Depth = 80<LI>Call Chain = prvIdleTask &rArr; vPortFree &rArr; xTaskResumeAll &rArr; xTaskIncrementTick
</UL>
<BR>[Calls]<UL><LI><a href="#[3a8]">&gt;&gt;</a>&nbsp;&nbsp;&nbsp;vPortFree
<LI><a href="#[3a6]">&gt;&gt;</a>&nbsp;&nbsp;&nbsp;vPortExitCritical
<LI><a href="#[3a4]">&gt;&gt;</a>&nbsp;&nbsp;&nbsp;vPortEnterCritical
<LI><a href="#[3a7]">&gt;&gt;</a>&nbsp;&nbsp;&nbsp;vPortYield
<LI><a href="#[3a9]">&gt;&gt;</a>&nbsp;&nbsp;&nbsp;ulSetInterruptMask
<LI><a href="#[3a1]">&gt;&gt;</a>&nbsp;&nbsp;&nbsp;uxListRemove
</UL>
<BR>[Address Reference Count : 1]<UL><LI> tasks.o(.text.vTaskStartScheduler)
</UL>
<P><STRONG><a name="[94]"></a>prvTimerTask</STRONG> (Thumb, 786 bytes, Stack size 16 bytes, timers.o(.text.prvTimerTask))
<BR><BR>[Stack]<UL><LI>Max Depth = 128<LI>Call Chain = prvTimerTask &rArr; xQueueReceive &rArr; xTaskResumeAll &rArr; xTaskIncrementTick
</UL>
<BR>[Calls]<UL><LI><a href="#[3a2]">&gt;&gt;</a>&nbsp;&nbsp;&nbsp;vListInsert
<LI><a href="#[3a8]">&gt;&gt;</a>&nbsp;&nbsp;&nbsp;vPortFree
<LI><a href="#[3a7]">&gt;&gt;</a>&nbsp;&nbsp;&nbsp;vPortYield
<LI><a href="#[3af]">&gt;&gt;</a>&nbsp;&nbsp;&nbsp;xTaskResumeAll
<LI><a href="#[3ad]">&gt;&gt;</a>&nbsp;&nbsp;&nbsp;vTaskSuspendAll
<LI><a href="#[3a9]">&gt;&gt;</a>&nbsp;&nbsp;&nbsp;ulSetInterruptMask
<LI><a href="#[3ae]">&gt;&gt;</a>&nbsp;&nbsp;&nbsp;xTaskGetTickCount
<LI><a href="#[3b0]">&gt;&gt;</a>&nbsp;&nbsp;&nbsp;vQueueWaitForMessageRestricted
<LI><a href="#[3b1]">&gt;&gt;</a>&nbsp;&nbsp;&nbsp;xQueueReceive
<LI><a href="#[3a1]">&gt;&gt;</a>&nbsp;&nbsp;&nbsp;uxListRemove
</UL>
<BR>[Address Reference Count : 1]<UL><LI> timers.o(.text.xTimerCreateTimerTask)
</UL>
<P><STRONG><a name="[91]"></a>prvTaskExitError</STRONG> (Thumb, 54 bytes, Stack size 16 bytes, port.o(.text.prvTaskExitError))
<BR><BR>[Stack]<UL><LI>Max Depth = 16<LI>Call Chain = prvTaskExitError
</UL>
<BR>[Calls]<UL><LI><a href="#[3a9]">&gt;&gt;</a>&nbsp;&nbsp;&nbsp;ulSetInterruptMask
</UL>
<BR>[Address Reference Count : 1]<UL><LI> port.o(.text.pxPortInitialiseStack)
</UL>
<P><STRONG><a name="[1eb]"></a>_GLOBAL__sub_I_typedtextdatabase.cpp</STRONG> (Thumb, 30 bytes, Stack size 8 bytes, typedtextdatabase.o(.text._GLOBAL__sub_I_typedtextdatabase.cpp))
<BR><BR>[Stack]<UL><LI>Max Depth = 184 + Unknown Stack Size
<LI>Call Chain = _GLOBAL__sub_I_typedtextdatabase.cpp &rArr; getFont_verdana_40_4bpp() &rArr; touchgfx::GeneratedFont::GeneratedFont(touchgfx::GlyphNode const*, unsigned short, unsigned short, unsigned short, unsigned char, unsigned char, unsigned char, unsigned char, unsigned char, unsigned char, unsigned char const* const*, touchgfx::KerningNode const*, unsigned short, unsigned short, unsigned short const*, touchgfx::FontContextualFormsTable const*) &rArr; touchgfx::ConstFont::ConstFont__sub_object(touchgfx::GlyphNode const*, unsigned short, unsigned short, unsigned short, unsigned char, unsigned char, unsigned char, unsigned char, unsigned char, unsigned char, unsigned short, unsigned short)
</UL>
<BR>[Calls]<UL><LI><a href="#[304]">&gt;&gt;</a>&nbsp;&nbsp;&nbsp;getFont_verdana_40_4bpp()
<LI><a href="#[303]">&gt;&gt;</a>&nbsp;&nbsp;&nbsp;getFont_verdana_20_4bpp()
<LI><a href="#[305]">&gt;&gt;</a>&nbsp;&nbsp;&nbsp;getFont_verdana_10_4bpp()
</UL>
<BR>[Address Reference Count : 1]<UL><LI> typedtextdatabase.o(.init_array)
</UL>
<P><STRONG><a name="[87]"></a>_printf_input_char</STRONG> (Thumb, 10 bytes, Stack size 0 bytes, _printf_char_common.o(.text))
<BR>[Address Reference Count : 1]<UL><LI> _printf_char_common.o(.text)
</UL>
<P><STRONG><a name="[24f]"></a>_fp_digits</STRONG> (Thumb, 432 bytes, Stack size 96 bytes, _printf_fp_dec.o(.text))
<BR><BR>[Stack]<UL><LI>Max Depth = 220<LI>Call Chain = _fp_digits &rArr; _btod_etento &rArr; _btod_emul &rArr; _e2e
</UL>
<BR>[Calls]<UL><LI><a href="#[253]">&gt;&gt;</a>&nbsp;&nbsp;&nbsp;_btod_emul
<LI><a href="#[252]">&gt;&gt;</a>&nbsp;&nbsp;&nbsp;_btod_ediv
<LI><a href="#[251]">&gt;&gt;</a>&nbsp;&nbsp;&nbsp;_btod_d2e
<LI><a href="#[250]">&gt;&gt;</a>&nbsp;&nbsp;&nbsp;_btod_etento
<LI><a href="#[243]">&gt;&gt;</a>&nbsp;&nbsp;&nbsp;_ll_udiv10
</UL>
<BR>[Called By]<UL><LI><a href="#[254]">&gt;&gt;</a>&nbsp;&nbsp;&nbsp;_printf_fp_dec_real
</UL>
<P>
<H3>
Undefined Global Symbols
</H3><HR></body></html>
